Archive member included to satisfy reference by file (symbol)

C:/ST/STM32CubeIDE_1.13.1/STM32CubeIDE/plugins/com.st.stm32cube.ide.mcu.externaltools.gnu-tools-for-stm32.11.3.rel1.win32_1.1.1.202309131626/tools/bin/../lib/gcc/arm-none-eabi/11.3.1/../../../../arm-none-eabi/lib/thumb/v7e-m+fp/hard\libc_nano.a(libc_a-exit.o)
                              C:/ST/STM32CubeIDE_1.13.1/STM32CubeIDE/plugins/com.st.stm32cube.ide.mcu.externaltools.gnu-tools-for-stm32.11.3.rel1.win32_1.1.1.202309131626/tools/bin/../lib/gcc/arm-none-eabi/11.3.1/../../../../arm-none-eabi/lib/thumb/v7e-m+fp/hard/crt0.o (exit)
C:/ST/STM32CubeIDE_1.13.1/STM32CubeIDE/plugins/com.st.stm32cube.ide.mcu.externaltools.gnu-tools-for-stm32.11.3.rel1.win32_1.1.1.202309131626/tools/bin/../lib/gcc/arm-none-eabi/11.3.1/../../../../arm-none-eabi/lib/thumb/v7e-m+fp/hard\libc_nano.a(libc_a-findfp.o)
                              C:/ST/STM32CubeIDE_1.13.1/STM32CubeIDE/plugins/com.st.stm32cube.ide.mcu.externaltools.gnu-tools-for-stm32.11.3.rel1.win32_1.1.1.202309131626/tools/bin/../lib/gcc/arm-none-eabi/11.3.1/../../../../arm-none-eabi/lib/thumb/v7e-m+fp/hard\libc_nano.a(libc_a-exit.o) (__stdio_exit_handler)
C:/ST/STM32CubeIDE_1.13.1/STM32CubeIDE/plugins/com.st.stm32cube.ide.mcu.externaltools.gnu-tools-for-stm32.11.3.rel1.win32_1.1.1.202309131626/tools/bin/../lib/gcc/arm-none-eabi/11.3.1/../../../../arm-none-eabi/lib/thumb/v7e-m+fp/hard\libc_nano.a(libc_a-fwalk.o)
                              C:/ST/STM32CubeIDE_1.13.1/STM32CubeIDE/plugins/com.st.stm32cube.ide.mcu.externaltools.gnu-tools-for-stm32.11.3.rel1.win32_1.1.1.202309131626/tools/bin/../lib/gcc/arm-none-eabi/11.3.1/../../../../arm-none-eabi/lib/thumb/v7e-m+fp/hard\libc_nano.a(libc_a-findfp.o) (_fwalk_sglue)
C:/ST/STM32CubeIDE_1.13.1/STM32CubeIDE/plugins/com.st.stm32cube.ide.mcu.externaltools.gnu-tools-for-stm32.11.3.rel1.win32_1.1.1.202309131626/tools/bin/../lib/gcc/arm-none-eabi/11.3.1/../../../../arm-none-eabi/lib/thumb/v7e-m+fp/hard\libc_nano.a(libc_a-stdio.o)
                              C:/ST/STM32CubeIDE_1.13.1/STM32CubeIDE/plugins/com.st.stm32cube.ide.mcu.externaltools.gnu-tools-for-stm32.11.3.rel1.win32_1.1.1.202309131626/tools/bin/../lib/gcc/arm-none-eabi/11.3.1/../../../../arm-none-eabi/lib/thumb/v7e-m+fp/hard\libc_nano.a(libc_a-findfp.o) (__sread)
C:/ST/STM32CubeIDE_1.13.1/STM32CubeIDE/plugins/com.st.stm32cube.ide.mcu.externaltools.gnu-tools-for-stm32.11.3.rel1.win32_1.1.1.202309131626/tools/bin/../lib/gcc/arm-none-eabi/11.3.1/../../../../arm-none-eabi/lib/thumb/v7e-m+fp/hard\libc_nano.a(libc_a-memset.o)
                              C:/ST/STM32CubeIDE_1.13.1/STM32CubeIDE/plugins/com.st.stm32cube.ide.mcu.externaltools.gnu-tools-for-stm32.11.3.rel1.win32_1.1.1.202309131626/tools/bin/../lib/gcc/arm-none-eabi/11.3.1/../../../../arm-none-eabi/lib/thumb/v7e-m+fp/hard/crt0.o (memset)
C:/ST/STM32CubeIDE_1.13.1/STM32CubeIDE/plugins/com.st.stm32cube.ide.mcu.externaltools.gnu-tools-for-stm32.11.3.rel1.win32_1.1.1.202309131626/tools/bin/../lib/gcc/arm-none-eabi/11.3.1/../../../../arm-none-eabi/lib/thumb/v7e-m+fp/hard\libc_nano.a(libc_a-closer.o)
                              C:/ST/STM32CubeIDE_1.13.1/STM32CubeIDE/plugins/com.st.stm32cube.ide.mcu.externaltools.gnu-tools-for-stm32.11.3.rel1.win32_1.1.1.202309131626/tools/bin/../lib/gcc/arm-none-eabi/11.3.1/../../../../arm-none-eabi/lib/thumb/v7e-m+fp/hard\libc_nano.a(libc_a-stdio.o) (_close_r)
C:/ST/STM32CubeIDE_1.13.1/STM32CubeIDE/plugins/com.st.stm32cube.ide.mcu.externaltools.gnu-tools-for-stm32.11.3.rel1.win32_1.1.1.202309131626/tools/bin/../lib/gcc/arm-none-eabi/11.3.1/../../../../arm-none-eabi/lib/thumb/v7e-m+fp/hard\libc_nano.a(libc_a-reent.o)
                              C:/ST/STM32CubeIDE_1.13.1/STM32CubeIDE/plugins/com.st.stm32cube.ide.mcu.externaltools.gnu-tools-for-stm32.11.3.rel1.win32_1.1.1.202309131626/tools/bin/../lib/gcc/arm-none-eabi/11.3.1/../../../../arm-none-eabi/lib/thumb/v7e-m+fp/hard\libc_nano.a(libc_a-closer.o) (errno)
C:/ST/STM32CubeIDE_1.13.1/STM32CubeIDE/plugins/com.st.stm32cube.ide.mcu.externaltools.gnu-tools-for-stm32.11.3.rel1.win32_1.1.1.202309131626/tools/bin/../lib/gcc/arm-none-eabi/11.3.1/../../../../arm-none-eabi/lib/thumb/v7e-m+fp/hard\libc_nano.a(libc_a-impure.o)
                              C:/ST/STM32CubeIDE_1.13.1/STM32CubeIDE/plugins/com.st.stm32cube.ide.mcu.externaltools.gnu-tools-for-stm32.11.3.rel1.win32_1.1.1.202309131626/tools/bin/../lib/gcc/arm-none-eabi/11.3.1/../../../../arm-none-eabi/lib/thumb/v7e-m+fp/hard\libc_nano.a(libc_a-reent.o) (_impure_ptr)
C:/ST/STM32CubeIDE_1.13.1/STM32CubeIDE/plugins/com.st.stm32cube.ide.mcu.externaltools.gnu-tools-for-stm32.11.3.rel1.win32_1.1.1.202309131626/tools/bin/../lib/gcc/arm-none-eabi/11.3.1/../../../../arm-none-eabi/lib/thumb/v7e-m+fp/hard\libc_nano.a(libc_a-lseekr.o)
[...]
Memory Configuration

Name             Origin             Length             Attributes
CCMRAM           0x0000000010000000 0x0000000000010000 xrw
RAM              0x0000000020000000 0x0000000000020000 xrw
FLASH            0x0000000008000000 0x0000000000100000 xr
*default*        0x0000000000000000 0xffffffffffffffff

Linker script and memory map

LOAD C:/ST/STM32CubeIDE_1.13.1/STM32CubeIDE/plugins/com.st.stm32cube.ide.mcu.externaltools.gnu-tools-for-stm32.11.3.rel1.win32_1.1.1.202309131626/tools/bin/../lib/gcc/arm-none-eabi/11.3.1/thumb/v7e-m+fp/hard/crti.o
LOAD C:/ST/STM32CubeIDE_1.13.1/STM32CubeIDE/plugins/com.st.stm32cube.ide.mcu.externaltools.gnu-tools-for-stm32.11.3.rel1.win32_1.1.1.202309131626/tools/bin/../lib/gcc/arm-none-eabi/11.3.1/thumb/v7e-m+fp/hard/crtbegin.o
LOAD C:/ST/STM32CubeIDE_1.13.1/STM32CubeIDE/plugins/com.st.stm32cube.ide.mcu.externaltools.gnu-tools-for-stm32.11.3.rel1.win32_1.1.1.202309131626/tools/bin/../lib/gcc/arm-none-eabi/11.3.1/../../../../arm-none-eabi/lib/thumb/v7e-m+fp/hard/crt0.o
LOAD ./Core/Src/NavRoutineFunctions.o
LOAD ./Core/Src/NavStateMachines.o
LOAD ./Core/Src/Navigation.o
LOAD ./Core/Src/main.o
LOAD ./Core/Src/stm32f4xx_hal_msp.o
LOAD ./Core/Src/stm32f4xx_it.o
LOAD ./Core/Src/syscalls.o
LOAD ./Core/Src/sysmem.o
LOAD ./Core/Src/system_stm32f4xx.o
LOAD ./Core/Startup/startup_stm32f407vgtx.o
LOAD ./Drivers/STM32F4xx_HAL_Driver/Src/stm32f4xx_hal.o
LOAD ./Drivers/STM32F4xx_HAL_Driver/Src/stm32f4xx_hal_cortex.o
LOAD ./Drivers/STM32F4xx_HAL_Driver/Src/stm32f4xx_hal_dma.o
LOAD ./Drivers/STM32F4xx_HAL_Driver/Src/stm32f4xx_hal_dma_ex.o
LOAD ./Drivers/STM32F4xx_HAL_Driver/Src/stm32f4xx_hal_exti.o
LOAD ./Drivers/STM32F4xx_HAL_Driver/Src/stm32f4xx_hal_flash.o
LOAD ./Drivers/STM32F4xx_HAL_Driver/Src/stm32f4xx_hal_flash_ex.o
LOAD ./Drivers/STM32F4xx_HAL_Driver/Src/stm32f4xx_hal_flash_ramfunc.o
LOAD ./Drivers/STM32F4xx_HAL_Driver/Src/stm32f4xx_hal_gpio.o
LOAD ./Drivers/STM32F4xx_HAL_Driver/Src/stm32f4xx_hal_pwr.o
LOAD ./Drivers/STM32F4xx_HAL_Driver/Src/stm32f4xx_hal_pwr_ex.o
LOAD ./Drivers/STM32F4xx_HAL_Driver/Src/stm32f4xx_hal_rcc.o
LOAD ./Drivers/STM32F4xx_HAL_Driver/Src/stm32f4xx_hal_rcc_ex.o
LOAD ./Drivers/STM32F4xx_HAL_Driver/Src/stm32f4xx_hal_tim.o
LOAD ./Drivers/STM32F4xx_HAL_Driver/Src/stm32f4xx_hal_tim_ex.o
START GROUP
LOAD C:/ST/STM32CubeIDE_1.13.1/STM32CubeIDE/plugins/com.st.stm32cube.ide.mcu.externaltools.gnu-tools-for-stm32.11.3.rel1.win32_1.1.1.202309131626/tools/bin/../lib/gcc/arm-none-eabi/11.3.1/../../../../arm-none-eabi/lib/thumb/v7e-m+fp/hard\libc_nano.a
LOAD C:/ST/STM32CubeIDE_1.13.1/STM32CubeIDE/plugins/com.st.stm32cube.ide.mcu.externaltools.gnu-tools-for-stm32.11.3.rel1.win32_1.1.1.202309131626/tools/bin/../lib/gcc/arm-none-eabi/11.3.1/../../../../arm-none-eabi/lib/thumb/v7e-m+fp/hard\libm.a
END GROUP
START GROUP
LOAD C:/ST/STM32CubeIDE_1.13.1/STM32CubeIDE/plugins/com.st.stm32cube.ide.mcu.externaltools.gnu-tools-for-stm32.11.3.rel1.win32_1.1.1.202309131626/tools/bin/../lib/gcc/arm-none-eabi/11.3.1/thumb/v7e-m+fp/hard\libgcc.a
LOAD C:/ST/STM32CubeIDE_1.13.1/STM32CubeIDE/plugins/com.st.stm32cube.ide.mcu.externaltools.gnu-tools-for-stm32.11.3.rel1.win32_1.1.1.202309131626/tools/bin/../lib/gcc/arm-none-eabi/11.3.1/../../../../arm-none-eabi/lib/thumb/v7e-m+fp/hard\libc_nano.a
END GROUP
START GROUP
LOAD C:/ST/STM32CubeIDE_1.13.1/STM32CubeIDE/plugins/com.st.stm32cube.ide.mcu.externaltools.gnu-tools-for-stm32.11.3.rel1.win32_1.1.1.202309131626/tools/bin/../lib/gcc/arm-none-eabi/11.3.1/thumb/v7e-m+fp/hard\libgcc.a
LOAD C:/ST/STM32CubeIDE_1.13.1/STM32CubeIDE/plugins/com.st.stm32cube.ide.mcu.externaltools.gnu-tools-for-stm32.11.3.rel1.win32_1.1.1.202309131626/tools/bin/../lib/gcc/arm-none-eabi/11.3.1/../../../../arm-none-eabi/lib/thumb/v7e-m+fp/hard\libc_nano.a
LOAD C:/ST/STM32CubeIDE_1.13.1/STM32CubeIDE/plugins/com.st.stm32cube.ide.mcu.externaltools.gnu-tools-for-stm32.11.3.rel1.win32_1.1.1.202309131626/tools/bin/../lib/gcc/arm-none-eabi/11.3.1/../../../../arm-none-eabi/lib/thumb/v7e-m+fp/hard\libnosys.a
END GROUP
START GROUP
LOAD C:/ST/STM32CubeIDE_1.13.1/STM32CubeIDE/plugins/com.st.stm32cube.ide.mcu.externaltools.gnu-tools-for-stm32.11.3.rel1.win32_1.1.1.202309131626/tools/bin/../lib/gcc/arm-none-eabi/11.3.1/thumb/v7e-m+fp/hard\libgcc.a
LOAD C:/ST/STM32CubeIDE_1.13.1/STM32CubeIDE/plugins/com.st.stm32cube.ide.mcu.externaltools.gnu-tools-for-stm32.11.3.rel1.win32_1.1.1.202309131626/tools/bin/../lib/gcc/arm-none-eabi/11.3.1/../../../../arm-none-eabi/lib/thumb/v7e-m+fp/hard\libc_nano.a
LOAD C:/ST/STM32CubeIDE_1.13.1/STM32CubeIDE/plugins/com.st.stm32cube.ide.mcu.externaltools.gnu-tools-for-stm32.11.3.rel1.win32_1.1.1.202309131626/tools/bin/../lib/gcc/arm-none-eabi/11.3.1/../../../../arm-none-eabi/lib/thumb/v7e-m+fp/hard\libnosys.a
END GROUP
LOAD C:/ST/STM32CubeIDE_1.13.1/STM32CubeIDE/plugins/com.st.stm32cube.ide.mcu.externaltools.gnu-tools-for-stm32.11.3.rel1.win32_1.1.1.202309131626/tools/bin/../lib/gcc/arm-none-eabi/11.3.1/thumb/v7e-m+fp/hard/crtend.o
LOAD C:/ST/STM32CubeIDE_1.13.1/STM32CubeIDE/plugins/com.st.stm32cube.ide.mcu.externaltools.gnu-tools-for-stm32.11.3.rel1.win32_1.1.1.202309131626/tools/bin/../lib/gcc/arm-none-eabi/11.3.1/thumb/v7e-m+fp/hard/crtn.o
                0x0000000020020000                _estack = (ORIGIN (RAM) + LENGTH (RAM))
                0x0000000000000200                _Min_Heap_Size = 0x200
                0x0000000000000400                _Min_Stack_Size = 0x400

.isr_vector     0x0000000008000000      0x188
                0x0000000008000000                . = ALIGN (0x4)
 *(.isr_vector)
 .isr_vector    0x0000000008000000      0x188 ./Core/Startup/startup_stm32f407vgtx.o
                0x0000000008000000                g_pfnVectors
                0x0000000008000188                . = ALIGN (0x4)

.text           0x0000000008000188     0x71d0
                0x0000000008000188                . = ALIGN (0x4)
 *(.text)
 .text          0x0000000008000188       0x40 C:/ST/STM32CubeIDE_1.13.1/STM32CubeIDE/plugins/com.st.stm32cube.ide.mcu.externaltools.gnu-tools-for-stm32.11.3.rel1.win32_1.1.1.202309131626/tools/bin/../lib/gcc/arm-none-eabi/11.3.1/thumb/v7e-m+fp/hard/crtbegin.o
 .text          0x00000000080001c8      0x378 C:/ST/STM32CubeIDE_1.13.1/STM32CubeIDE/plugins/com.st.stm32cube.ide.mcu.externaltools.gnu-tools-for-stm32.11.3.rel1.win32_1.1.1.202309131626/tools/bin/../lib/gcc/arm-none-eabi/11.3.1/thumb/v7e-m+fp/hard\libgcc.a(_arm_addsubdf3.o)
                0x00000000080001c8                __aeabi_drsub
                0x00000000080001d0                __aeabi_dsub
                0x00000000080001d0                __subdf3
                0x00000000080001d4                __aeabi_dadd
                0x00000000080001d4                __adddf3
                0x000000000800044c                __floatunsidf
                0x000000000800044c                __aeabi_ui2d
                0x000000000800046c                __floatsidf
                0x000000000800046c                __aeabi_i2d
                0x0000000008000490                __aeabi_f2d
                0x0000000008000490                __extendsfdf2
                0x00000000080004d4                __floatundidf
                0x00000000080004d4                __aeabi_ul2d
                0x00000000080004e4                __floatdidf
                0x00000000080004e4                __aeabi_l2d
 .text          0x0000000008000540      0x424 C:/ST/STM32CubeIDE_1.13.1/STM32CubeIDE/plugins/com.st.stm32cube.ide.mcu.externaltools.gnu-tools-for-stm32.11.3.rel1.win32_1.1.1.202309131626/tools/bin/../lib/gcc/arm-none-eabi/11.3.1/thumb/v7e-m+fp/hard\libgcc.a(_arm_muldivdf3.o)
                0x0000000008000540                __aeabi_dmul
                0x0000000008000540                __muldf3
                0x0000000008000794                __divdf3
                0x0000000008000794                __aeabi_ddiv
 .text          0x0000000008000964      0x110 C:/ST/STM32CubeIDE_1.13.1/STM32CubeIDE/plugins/com.st.stm32cube.ide.mcu.externaltools.gnu-tools-for-stm32.11.3.rel1.win32_1.1.1.202309131626/tools/bin/../lib/gcc/arm-none-eabi/11.3.1/thumb/v7e-m+fp/hard\libgcc.a(_arm_cmpdf2.o)
                0x0000000008000964                __gtdf2
                0x0000000008000964                __gedf2
                0x000000000800096c                __ltdf2
                0x000000000800096c                __ledf2
                0x0000000008000974                __nedf2
                0x0000000008000974                __eqdf2
                0x0000000008000974                __cmpdf2
                0x00000000080009f0                __aeabi_cdrcmple
                0x0000000008000a00                __aeabi_cdcmpeq
                0x0000000008000a00                __aeabi_cdcmple
                0x0000000008000a10                __aeabi_dcmpeq
                0x0000000008000a24                __aeabi_dcmplt
                0x0000000008000a38                __aeabi_dcmple
                0x0000000008000a4c                __aeabi_dcmpge
                0x0000000008000a60                __aeabi_dcmpgt
 .text          0x0000000008000a74       0x50 C:/ST/STM32CubeIDE_1.13.1/STM32CubeIDE/plugins/com.st.stm32cube.ide.mcu.externaltools.gnu-tools-for-stm32.11.3.rel1.win32_1.1.1.202309131626/tools/bin/../lib/gcc/arm-none-eabi/11.3.1/thumb/v7e-m+fp/hard\libgcc.a(_arm_fixdfsi.o)
                0x0000000008000a74                __aeabi_d2iz
                0x0000000008000a74                __fixdfsi
 .text          0x0000000008000ac4       0x30 C:/ST/STM32CubeIDE_1.13.1/STM32CubeIDE/plugins/com.st.stm32cube.ide.mcu.externaltools.gnu-tools-for-stm32.11.3.rel1.win32_1.1.1.202309131626/tools/bin/../lib/gcc/arm-none-eabi/11.3.1/thumb/v7e-m+fp/hard\libgcc.a(_aeabi_uldivmod.o)
                0x0000000008000ac4                __aeabi_uldivmod
 .text          0x0000000008000af4      0x2c8 C:/ST/STM32CubeIDE_1.13.1/STM32CubeIDE/plugins/com.st.stm32cube.ide.mcu.externaltools.gnu-tools-for-stm32.11.3.rel1.win32_1.1.1.202309131626/tools/bin/../lib/gcc/arm-none-eabi/11.3.1/thumb/v7e-m+fp/hard\libgcc.a(_udivmoddi4.o)
                0x0000000008000af4                __udivmoddi4
 .text          0x0000000008000dbc        0x4 C:/ST/STM32CubeIDE_1.13.1/STM32CubeIDE/plugins/com.st.stm32cube.ide.mcu.externaltools.gnu-tools-for-stm32.11.3.rel1.win32_1.1.1.202309131626/tools/bin/../lib/gcc/arm-none-eabi/11.3.1/thumb/v7e-m+fp/hard\libgcc.a(_dvmd_tls.o)
                0x0000000008000dbc                __aeabi_idiv0
                0x0000000008000dbc                __aeabi_ldiv0
 *(.text*)
 .text.Nav_vNavigationRoutine
                0x0000000008000dc0       0x1c ./Core/Src/NavRoutineFunctions.o
                0x0000000008000dc0                Nav_vNavigationRoutine
 *fill*         0x0000000008000ddc        0x4 
 .text.Nav_vFeedbackRoutine
                0x0000000008000de0      0x388 ./Core/Src/NavRoutineFunctions.o
                0x0000000008000de0                Nav_vFeedbackRoutine
 .text.Nav_vPidDistance
                0x0000000008001168       0xc4 ./Core/Src/NavRoutineFunctions.o
                0x0000000008001168                Nav_vPidDistance
 .text.Nav_vPidAngle
                0x000000000800122c       0xc4 ./Core/Src/NavRoutineFunctions.o
                0x000000000800122c                Nav_vPidAngle
 .text.Nav_vCalculateMotorsCommand
                0x00000000080012f0      0x214 ./Core/Src/NavRoutineFunctions.o
                0x00000000080012f0                Nav_vCalculateMotorsCommand
 .text.Nav_vMotorsRoutine
                0x0000000008001504       0x8c ./Core/Src/NavRoutineFunctions.o
                0x0000000008001504                Nav_vMotorsRoutine
 .text.Nav_vTestPathIndependantTrajectoryStateMachine
                0x0000000008001590      0x934 ./Core/Src/NavStateMachines.o
                0x0000000008001590                Nav_vTestPathIndependantTrajectoryStateMachine
 *fill*         0x0000000008001ec4        0x4 
 .text.Nav_vTestPathStateMachine
                0x0000000008001ec8      0x1f8 ./Core/Src/NavStateMachines.o
                0x0000000008001ec8                Nav_vTestPathStateMachine
 .text.Nav_vNavigatorInit
                0x00000000080020c0      0x198 ./Core/Src/Navigation.o
                0x00000000080020c0                Nav_vNavigatorInit
 .text.Nav_TrapezeLinearVelocity2
                0x0000000008002258      0x3d8 ./Core/Src/Navigation.o
                0x0000000008002258                Nav_TrapezeLinearVelocity2
 .text.Nav_TrapezeReverseLinearVelocity2
                0x0000000008002630      0x3d8 ./Core/Src/Navigation.o
                0x0000000008002630                Nav_TrapezeReverseLinearVelocity2
 .text.Nav_TrapezeAngularVelocity2
                0x0000000008002a08      0x3f8 ./Core/Src/Navigation.o
                0x0000000008002a08                Nav_TrapezeAngularVelocity2
 .text.Nav_TrapezeReverseAngularVelocity2
                0x0000000008002e00      0x3e4 ./Core/Src/Navigation.o
                0x0000000008002e00                Nav_TrapezeReverseAngularVelocity2
 .text.Nav_vTargetDistanceCalculationRoutine
                0x00000000080031e4       0x3c ./Core/Src/Navigation.o
                0x00000000080031e4                Nav_vTargetDistanceCalculationRoutine
 .text.Nav_vTargetAngleCalculationRoutine
                0x0000000008003220       0x3c ./Core/Src/Navigation.o
                0x0000000008003220                Nav_vTargetAngleCalculationRoutine
 *fill*         0x000000000800325c        0x4 
 .text.Nav_vWallAlign
                0x0000000008003260      0x3a4 ./Core/Src/Navigation.o
                0x0000000008003260                Nav_vWallAlign
 .text.HAL_TIM_PeriodElapsedCallback
                0x0000000008003604       0x20 ./Core/Src/main.o
                0x0000000008003604                HAL_TIM_PeriodElapsedCallback
 .text.main     0x0000000008003624       0xa0 ./Core/Src/main.o
                0x0000000008003624                main
 .text.SystemClock_Config
                0x00000000080036c4       0xd4 ./Core/Src/main.o
                0x00000000080036c4                SystemClock_Config
 .text.MX_TIM1_Init
                0x0000000008003798      0x188 ./Core/Src/main.o
 .text.MX_TIM2_Init
                0x0000000008003920       0xa8 ./Core/Src/main.o
 .text.MX_TIM5_Init
                0x00000000080039c8       0xa8 ./Core/Src/main.o
 .text.MX_TIM6_Init
                0x0000000008003a70       0x6c ./Core/Src/main.o
 .text.MX_GPIO_Init
                0x0000000008003adc       0x88 ./Core/Src/main.o
 .text.Error_Handler
                0x0000000008003b64        0xa ./Core/Src/main.o
                0x0000000008003b64                Error_Handler
 *fill*         0x0000000008003b6e        0x2 
 .text.HAL_MspInit
                0x0000000008003b70       0x50 ./Core/Src/stm32f4xx_hal_msp.o
                0x0000000008003b70                HAL_MspInit
 .text.HAL_TIM_Base_MspInit
                0x0000000008003bc0       0x7c ./Core/Src/stm32f4xx_hal_msp.o
                0x0000000008003bc0                HAL_TIM_Base_MspInit
 .text.HAL_TIM_Encoder_MspInit
                0x0000000008003c3c      0x144 ./Core/Src/stm32f4xx_hal_msp.o
                0x0000000008003c3c                HAL_TIM_Encoder_MspInit
 .text.HAL_TIM_MspPostInit
                0x0000000008003d80       0x74 ./Core/Src/stm32f4xx_hal_msp.o
                0x0000000008003d80                HAL_TIM_MspPostInit
 .text.NMI_Handler
                0x0000000008003df4        0x6 ./Core/Src/stm32f4xx_it.o
                0x0000000008003df4                NMI_Handler
 .text.HardFault_Handler
                0x0000000008003dfa        0x6 ./Core/Src/stm32f4xx_it.o
                0x0000000008003dfa                HardFault_Handler
 .text.MemManage_Handler
                0x0000000008003e00        0x6 ./Core/Src/stm32f4xx_it.o
                0x0000000008003e00                MemManage_Handler
 .text.BusFault_Handler
                0x0000000008003e06        0x6 ./Core/Src/stm32f4xx_it.o
                0x0000000008003e06                BusFault_Handler
 .text.UsageFault_Handler
                0x0000000008003e0c        0x6 ./Core/Src/stm32f4xx_it.o
                0x0000000008003e0c                UsageFault_Handler
 .text.SVC_Handler
                0x0000000008003e12        0xe ./Core/Src/stm32f4xx_it.o
                0x0000000008003e12                SVC_Handler
 .text.DebugMon_Handler
                0x0000000008003e20        0xe ./Core/Src/stm32f4xx_it.o
                0x0000000008003e20                DebugMon_Handler
 .text.PendSV_Handler
                0x0000000008003e2e        0xe ./Core/Src/stm32f4xx_it.o
                0x0000000008003e2e                PendSV_Handler
 .text.SysTick_Handler
                0x0000000008003e3c        0xc ./Core/Src/stm32f4xx_it.o
                0x0000000008003e3c                SysTick_Handler
 .text.TIM2_IRQHandler
                0x0000000008003e48       0x14 ./Core/Src/stm32f4xx_it.o
                0x0000000008003e48                TIM2_IRQHandler
 .text.TIM6_DAC_IRQHandler
                0x0000000008003e5c       0x14 ./Core/Src/stm32f4xx_it.o
                0x0000000008003e5c                TIM6_DAC_IRQHandler
 .text.SystemInit
                0x0000000008003e70       0x24 ./Core/Src/system_stm32f4xx.o
                0x0000000008003e70                SystemInit
 .text.Reset_Handler
                0x0000000008003e94       0x50 ./Core/Startup/startup_stm32f407vgtx.o
                0x0000000008003e94                Reset_Handler
 .text.Default_Handler
                0x0000000008003ee4        0x2 ./Core/Startup/startup_stm32f407vgtx.o
                0x0000000008003ee4                RTC_Alarm_IRQHandler
                0x0000000008003ee4                HASH_RNG_IRQHandler
                0x0000000008003ee4                EXTI2_IRQHandler
                0x0000000008003ee4                TIM8_CC_IRQHandler
                0x0000000008003ee4                TIM1_CC_IRQHandler
                0x0000000008003ee4                DMA2_Stream5_IRQHandler
                0x0000000008003ee4                DMA1_Stream5_IRQHandler
                0x0000000008003ee4                PVD_IRQHandler
                0x0000000008003ee4                SDIO_IRQHandler
                0x0000000008003ee4                TAMP_STAMP_IRQHandler
                0x0000000008003ee4                CAN2_RX1_IRQHandler
                0x0000000008003ee4                EXTI3_IRQHandler
                0x0000000008003ee4                TIM8_TRG_COM_TIM14_IRQHandler
                0x0000000008003ee4                TIM1_UP_TIM10_IRQHandler
                0x0000000008003ee4                TIM8_UP_TIM13_IRQHandler
                0x0000000008003ee4                I2C3_ER_IRQHandler
                0x0000000008003ee4                EXTI0_IRQHandler
                0x0000000008003ee4                I2C2_EV_IRQHandler
                0x0000000008003ee4                DMA1_Stream2_IRQHandler
                0x0000000008003ee4                CAN1_RX0_IRQHandler
                0x0000000008003ee4                FPU_IRQHandler
                0x0000000008003ee4                OTG_HS_WKUP_IRQHandler
                0x0000000008003ee4                CAN2_SCE_IRQHandler
                0x0000000008003ee4                DMA2_Stream2_IRQHandler
                0x0000000008003ee4                SPI1_IRQHandler
                0x0000000008003ee4                TIM1_BRK_TIM9_IRQHandler
                0x0000000008003ee4                DCMI_IRQHandler
                0x0000000008003ee4                CAN2_RX0_IRQHandler
                0x0000000008003ee4                DMA2_Stream3_IRQHandler
                0x0000000008003ee4                USART6_IRQHandler
                0x0000000008003ee4                USART3_IRQHandler
                0x0000000008003ee4                CAN1_RX1_IRQHandler
                0x0000000008003ee4                UART5_IRQHandler
                0x0000000008003ee4                DMA2_Stream0_IRQHandler
                0x0000000008003ee4                TIM4_IRQHandler
                0x0000000008003ee4                I2C1_EV_IRQHandler
                0x0000000008003ee4                DMA1_Stream6_IRQHandler
                0x0000000008003ee4                DMA1_Stream1_IRQHandler
                0x0000000008003ee4                UART4_IRQHandler
                0x0000000008003ee4                TIM3_IRQHandler
                0x0000000008003ee4                RCC_IRQHandler
                0x0000000008003ee4                TIM8_BRK_TIM12_IRQHandler
                0x0000000008003ee4                Default_Handler
                0x0000000008003ee4                EXTI15_10_IRQHandler
                0x0000000008003ee4                ADC_IRQHandler
                0x0000000008003ee4                DMA1_Stream7_IRQHandler
                0x0000000008003ee4                TIM7_IRQHandler
                0x0000000008003ee4                CAN2_TX_IRQHandler
                0x0000000008003ee4                TIM5_IRQHandler
                0x0000000008003ee4                DMA2_Stream7_IRQHandler
                0x0000000008003ee4                I2C3_EV_IRQHandler
                0x0000000008003ee4                EXTI9_5_IRQHandler
                0x0000000008003ee4                RTC_WKUP_IRQHandler
                0x0000000008003ee4                ETH_WKUP_IRQHandler
                0x0000000008003ee4                SPI2_IRQHandler
                0x0000000008003ee4                OTG_HS_EP1_IN_IRQHandler
                0x0000000008003ee4                DMA1_Stream0_IRQHandler
                0x0000000008003ee4                CAN1_TX_IRQHandler
                0x0000000008003ee4                EXTI4_IRQHandler
                0x0000000008003ee4                FSMC_IRQHandler
                0x0000000008003ee4                ETH_IRQHandler
                0x0000000008003ee4                OTG_HS_EP1_OUT_IRQHandler
                0x0000000008003ee4                WWDG_IRQHandler
                0x0000000008003ee4                OTG_FS_WKUP_IRQHandler
                0x0000000008003ee4                TIM1_TRG_COM_TIM11_IRQHandler
                0x0000000008003ee4                OTG_HS_IRQHandler
                0x0000000008003ee4                EXTI1_IRQHandler
                0x0000000008003ee4                USART2_IRQHandler
                0x0000000008003ee4                I2C2_ER_IRQHandler
                0x0000000008003ee4                DMA2_Stream1_IRQHandler
                0x0000000008003ee4                CAN1_SCE_IRQHandler
                0x0000000008003ee4                FLASH_IRQHandler
                0x0000000008003ee4                DMA2_Stream4_IRQHandler
                0x0000000008003ee4                USART1_IRQHandler
                0x0000000008003ee4                OTG_FS_IRQHandler
                0x0000000008003ee4                SPI3_IRQHandler
                0x0000000008003ee4                DMA1_Stream4_IRQHandler
                0x0000000008003ee4                I2C1_ER_IRQHandler
                0x0000000008003ee4                DMA2_Stream6_IRQHandler
                0x0000000008003ee4                DMA1_Stream3_IRQHandler
 *fill*         0x0000000008003ee6        0x2 
 .text.HAL_Init
                0x0000000008003ee8       0x44 ./Drivers/STM32F4xx_HAL_Driver/Src/stm32f4xx_hal.o
                0x0000000008003ee8                HAL_Init
 .text.HAL_InitTick
                0x0000000008003f2c       0x60 ./Drivers/STM32F4xx_HAL_Driver/Src/stm32f4xx_hal.o
                0x0000000008003f2c                HAL_InitTick
 .text.HAL_IncTick
                0x0000000008003f8c       0x28 ./Drivers/STM32F4xx_HAL_Driver/Src/stm32f4xx_hal.o
                0x0000000008003f8c                HAL_IncTick
 .text.HAL_GetTick
                0x0000000008003fb4       0x18 ./Drivers/STM32F4xx_HAL_Driver/Src/stm32f4xx_hal.o
                0x0000000008003fb4                HAL_GetTick
 .text.HAL_Delay
                0x0000000008003fcc       0x48 ./Drivers/STM32F4xx_HAL_Driver/Src/stm32f4xx_hal.o
                0x0000000008003fcc                HAL_Delay
 .text.__NVIC_SetPriorityGrouping
                0x0000000008004014       0x48 ./Drivers/STM32F4xx_HAL_Driver/Src/stm32f4xx_hal_cortex.o
 .text.__NVIC_GetPriorityGrouping
                0x000000000800405c       0x1c ./Drivers/STM32F4xx_HAL_Driver/Src/stm32f4xx_hal_cortex.o
 .text.__NVIC_EnableIRQ
                0x0000000008004078       0x3c ./Drivers/STM32F4xx_HAL_Driver/Src/stm32f4xx_hal_cortex.o
 .text.__NVIC_SetPriority
                0x00000000080040b4       0x54 ./Drivers/STM32F4xx_HAL_Driver/Src/stm32f4xx_hal_cortex.o
 .text.NVIC_EncodePriority
                0x0000000008004108       0x66 ./Drivers/STM32F4xx_HAL_Driver/Src/stm32f4xx_hal_cortex.o
 *fill*         0x000000000800416e        0x2 
 .text.SysTick_Config
                0x0000000008004170       0x44 ./Drivers/STM32F4xx_HAL_Driver/Src/stm32f4xx_hal_cortex.o
 .text.HAL_NVIC_SetPriorityGrouping
                0x00000000080041b4       0x16 ./Drivers/STM32F4xx_HAL_Driver/Src/stm32f4xx_hal_cortex.o
                0x00000000080041b4                HAL_NVIC_SetPriorityGrouping
 .text.HAL_NVIC_SetPriority
                0x00000000080041ca       0x38 ./Drivers/STM32F4xx_HAL_Driver/Src/stm32f4xx_hal_cortex.o
                0x00000000080041ca                HAL_NVIC_SetPriority
 .text.HAL_NVIC_EnableIRQ
                0x0000000008004202       0x1c ./Drivers/STM32F4xx_HAL_Driver/Src/stm32f4xx_hal_cortex.o
                0x0000000008004202                HAL_NVIC_EnableIRQ
 .text.HAL_SYSTICK_Config
                0x000000000800421e       0x18 ./Drivers/STM32F4xx_HAL_Driver/Src/stm32f4xx_hal_cortex.o
                0x000000000800421e                HAL_SYSTICK_Config
 *fill*         0x0000000008004236        0x2 
 .text.HAL_GPIO_Init
                0x0000000008004238      0x338 ./Drivers/STM32F4xx_HAL_Driver/Src/stm32f4xx_hal_gpio.o
                0x0000000008004238                HAL_GPIO_Init
 .text.HAL_RCC_OscConfig
                0x0000000008004570      0x4f0 ./Drivers/STM32F4xx_HAL_Driver/Src/stm32f4xx_hal_rcc.o
                0x0000000008004570                HAL_RCC_OscConfig
 .text.HAL_RCC_ClockConfig
                0x0000000008004a60      0x1cc ./Drivers/STM32F4xx_HAL_Driver/Src/stm32f4xx_hal_rcc.o
                0x0000000008004a60                HAL_RCC_ClockConfig
 .text.HAL_RCC_GetSysClockFreq
                0x0000000008004c2c      0x20c ./Drivers/STM32F4xx_HAL_Driver/Src/stm32f4xx_hal_rcc.o
                0x0000000008004c2c                HAL_RCC_GetSysClockFreq
 .text.HAL_TIM_Base_Init
                0x0000000008004e38       0x9e ./Drivers/STM32F4xx_HAL_Driver/Src/stm32f4xx_hal_tim.o
                0x0000000008004e38                HAL_TIM_Base_Init
 *fill*         0x0000000008004ed6        0x2 
 .text.HAL_TIM_Base_Start_IT
                0x0000000008004ed8       0xe0 ./Drivers/STM32F4xx_HAL_Driver/Src/stm32f4xx_hal_tim.o
                0x0000000008004ed8                HAL_TIM_Base_Start_IT
 .text.HAL_TIM_PWM_Init
                0x0000000008004fb8       0x9e ./Drivers/STM32F4xx_HAL_Driver/Src/stm32f4xx_hal_tim.o
                0x0000000008004fb8                HAL_TIM_PWM_Init
 .text.HAL_TIM_PWM_MspInit
                0x0000000008005056       0x14 ./Drivers/STM32F4xx_HAL_Driver/Src/stm32f4xx_hal_tim.o
                0x0000000008005056                HAL_TIM_PWM_MspInit
 *fill*         0x000000000800506a        0x2 
 .text.HAL_TIM_PWM_Start
                0x000000000800506c      0x190 ./Drivers/STM32F4xx_HAL_Driver/Src/stm32f4xx_hal_tim.o
                0x000000000800506c                HAL_TIM_PWM_Start
 .text.HAL_TIM_Encoder_Init
                0x00000000080051fc      0x14c ./Drivers/STM32F4xx_HAL_Driver/Src/stm32f4xx_hal_tim.o
                0x00000000080051fc                HAL_TIM_Encoder_Init
 .text.HAL_TIM_Encoder_Start
                0x0000000008005348      0x11c ./Drivers/STM32F4xx_HAL_Driver/Src/stm32f4xx_hal_tim.o
                0x0000000008005348                HAL_TIM_Encoder_Start
 .text.HAL_TIM_IRQHandler
                0x0000000008005464      0x210 ./Drivers/STM32F4xx_HAL_Driver/Src/stm32f4xx_hal_tim.o
                0x0000000008005464                HAL_TIM_IRQHandler
 .text.HAL_TIM_PWM_ConfigChannel
                0x0000000008005674      0x184 ./Drivers/STM32F4xx_HAL_Driver/Src/stm32f4xx_hal_tim.o
                0x0000000008005674                HAL_TIM_PWM_ConfigChannel
 .text.HAL_TIM_ConfigClockSource
                0x00000000080057f8      0x18e ./Drivers/STM32F4xx_HAL_Driver/Src/stm32f4xx_hal_tim.o
                0x00000000080057f8                HAL_TIM_ConfigClockSource
 .text.HAL_TIM_OC_DelayElapsedCallback
                0x0000000008005986       0x14 ./Drivers/STM32F4xx_HAL_Driver/Src/stm32f4xx_hal_tim.o
                0x0000000008005986                HAL_TIM_OC_DelayElapsedCallback
 .text.HAL_TIM_IC_CaptureCallback
                0x000000000800599a       0x14 ./Drivers/STM32F4xx_HAL_Driver/Src/stm32f4xx_hal_tim.o
                0x000000000800599a                HAL_TIM_IC_CaptureCallback
 .text.HAL_TIM_PWM_PulseFinishedCallback
                0x00000000080059ae       0x14 ./Drivers/STM32F4xx_HAL_Driver/Src/stm32f4xx_hal_tim.o
                0x00000000080059ae                HAL_TIM_PWM_PulseFinishedCallback
 .text.HAL_TIM_TriggerCallback
                0x00000000080059c2       0x14 ./Drivers/STM32F4xx_HAL_Driver/Src/stm32f4xx_hal_tim.o
                0x00000000080059c2                HAL_TIM_TriggerCallback
 *fill*         0x00000000080059d6        0x2 
 .text.TIM_Base_SetConfig
                0x00000000080059d8      0x140 ./Drivers/STM32F4xx_HAL_Driver/Src/stm32f4xx_hal_tim.o
                0x00000000080059d8                TIM_Base_SetConfig
 .text.TIM_OC1_SetConfig
                0x0000000008005b18       0xe0 ./Drivers/STM32F4xx_HAL_Driver/Src/stm32f4xx_hal_tim.o
 .text.TIM_OC2_SetConfig
                0x0000000008005bf8       0xec ./Drivers/STM32F4xx_HAL_Driver/Src/stm32f4xx_hal_tim.o
                0x0000000008005bf8                TIM_OC2_SetConfig
 .text.TIM_OC3_SetConfig
                0x0000000008005ce4       0xe8 ./Drivers/STM32F4xx_HAL_Driver/Src/stm32f4xx_hal_tim.o
 .text.TIM_OC4_SetConfig
                0x0000000008005dcc       0xac ./Drivers/STM32F4xx_HAL_Driver/Src/stm32f4xx_hal_tim.o
 .text.TIM_TI1_ConfigInputStage
                0x0000000008005e78       0x5e ./Drivers/STM32F4xx_HAL_Driver/Src/stm32f4xx_hal_tim.o
 .text.TIM_TI2_ConfigInputStage
                0x0000000008005ed6       0x60 ./Drivers/STM32F4xx_HAL_Driver/Src/stm32f4xx_hal_tim.o
 .text.TIM_ITRx_SetConfig
                0x0000000008005f36       0x36 ./Drivers/STM32F4xx_HAL_Driver/Src/stm32f4xx_hal_tim.o
 .text.TIM_ETR_SetConfig
                0x0000000008005f6c       0x40 ./Drivers/STM32F4xx_HAL_Driver/Src/stm32f4xx_hal_tim.o
                0x0000000008005f6c                TIM_ETR_SetConfig
 .text.TIM_CCxChannelCmd
                0x0000000008005fac       0x4a ./Drivers/STM32F4xx_HAL_Driver/Src/stm32f4xx_hal_tim.o
                0x0000000008005fac                TIM_CCxChannelCmd
 *fill*         0x0000000008005ff6        0x2 
 .text.HAL_TIMEx_MasterConfigSynchronization
                0x0000000008005ff8       0xf8 ./Drivers/STM32F4xx_HAL_Driver/Src/stm32f4xx_hal_tim_ex.o
                0x0000000008005ff8                HAL_TIMEx_MasterConfigSynchronization
 .text.HAL_TIMEx_ConfigBreakDeadTime
                0x00000000080060f0       0xa4 ./Drivers/STM32F4xx_HAL_Driver/Src/stm32f4xx_hal_tim_ex.o
                0x00000000080060f0                HAL_TIMEx_ConfigBreakDeadTime
 .text.HAL_TIMEx_CommutCallback
                0x0000000008006194       0x14 ./Drivers/STM32F4xx_HAL_Driver/Src/stm32f4xx_hal_tim_ex.o
                0x0000000008006194                HAL_TIMEx_CommutCallback
 .text.HAL_TIMEx_BreakCallback
                0x00000000080061a8       0x14 ./Drivers/STM32F4xx_HAL_Driver/Src/stm32f4xx_hal_tim_ex.o
                0x00000000080061a8                HAL_TIMEx_BreakCallback
 .text.memset   0x00000000080061bc       0x10 C:/ST/STM32CubeIDE_1.13.1/STM32CubeIDE/plugins/com.st.stm32cube.ide.mcu.externaltools.gnu-tools-for-stm32.11.3.rel1.win32_1.1.1.202309131626/tools/bin/../lib/gcc/arm-none-eabi/11.3.1/../../../../arm-none-eabi/lib/thumb/v7e-m+fp/hard\libc_nano.a(libc_a-memset.o)
                0x00000000080061bc                memset
 .text.__libc_init_array
                0x00000000080061cc       0x48 C:/ST/STM32CubeIDE_1.13.1/STM32CubeIDE/plugins/com.st.stm32cube.ide.mcu.externaltools.gnu-tools-for-stm32.11.3.rel1.win32_1.1.1.202309131626/tools/bin/../lib/gcc/arm-none-eabi/11.3.1/../../../../arm-none-eabi/lib/thumb/v7e-m+fp/hard\libc_nano.a(libc_a-init.o)
                0x00000000080061cc                __libc_init_array
 *fill*         0x0000000008006214        0x4 
 .text.cos      0x0000000008006218       0xa8 C:/ST/STM32CubeIDE_1.13.1/STM32CubeIDE/plugins/com.st.stm32cube.ide.mcu.externaltools.gnu-tools-for-stm32.11.3.rel1.win32_1.1.1.202309131626/tools/bin/../lib/gcc/arm-none-eabi/11.3.1/../../../../arm-none-eabi/lib/thumb/v7e-m+fp/hard\libm.a(libm_a-s_cos.o)
                0x0000000008006218                cos
 .text.sin      0x00000000080062c0       0xb0 C:/ST/STM32CubeIDE_1.13.1/STM32CubeIDE/plugins/com.st.stm32cube.ide.mcu.externaltools.gnu-tools-for-stm32.11.3.rel1.win32_1.1.1.202309131626/tools/bin/../lib/gcc/arm-none-eabi/11.3.1/../../../../arm-none-eabi/lib/thumb/v7e-m+fp/hard\libm.a(libm_a-s_sin.o)
                0x00000000080062c0                sin
 .text.__kernel_cos
                0x0000000008006370      0x18c C:/ST/STM32CubeIDE_1.13.1/STM32CubeIDE/plugins/com.st.stm32cube.ide.mcu.externaltools.gnu-tools-for-stm32.11.3.rel1.win32_1.1.1.202309131626/tools/bin/../lib/gcc/arm-none-eabi/11.3.1/../../../../arm-none-eabi/lib/thumb/v7e-m+fp/hard\libm.a(libm_a-k_cos.o)
                0x0000000008006370                __kernel_cos
 *fill*         0x00000000080064fc        0x4 
 .text.__kernel_sin
                0x0000000008006500      0x17c C:/ST/STM32CubeIDE_1.13.1/STM32CubeIDE/plugins/com.st.stm32cube.ide.mcu.externaltools.gnu-tools-for-stm32.11.3.rel1.win32_1.1.1.202309131626/tools/bin/../lib/gcc/arm-none-eabi/11.3.1/../../../../arm-none-eabi/lib/thumb/v7e-m+fp/hard\libm.a(libm_a-k_sin.o)
                0x0000000008006500                __kernel_sin
 *fill*         0x000000000800667c        0x4 
 .text.__ieee754_rem_pio2
                0x0000000008006680      0x40c C:/ST/STM32CubeIDE_1.13.1/STM32CubeIDE/plugins/com.st.stm32cube.ide.mcu.externaltools.gnu-tools-for-stm32.11.3.rel1.win32_1.1.1.202309131626/tools/bin/../lib/gcc/arm-none-eabi/11.3.1/../../../../arm-none-eabi/lib/thumb/v7e-m+fp/hard\libm.a(libm_a-e_rem_pio2.o)
                0x0000000008006680                __ieee754_rem_pio2
 .text.fabs     0x0000000008006a8c       0x12 C:/ST/STM32CubeIDE_1.13.1/STM32CubeIDE/plugins/com.st.stm32cube.ide.mcu.externaltools.gnu-tools-for-stm32.11.3.rel1.win32_1.1.1.202309131626/tools/bin/../lib/gcc/arm-none-eabi/11.3.1/../../../../arm-none-eabi/lib/thumb/v7e-m+fp/hard\libm.a(libm_a-s_fabs.o)
                0x0000000008006a8c                fabs
 *fill*         0x0000000008006a9e        0x2 
 .text.scalbn   0x0000000008006aa0       0xfc C:/ST/STM32CubeIDE_1.13.1/STM32CubeIDE/plugins/com.st.stm32cube.ide.mcu.externaltools.gnu-tools-for-stm32.11.3.rel1.win32_1.1.1.202309131626/tools/bin/../lib/gcc/arm-none-eabi/11.3.1/../../../../arm-none-eabi/lib/thumb/v7e-m+fp/hard\libm.a(libm_a-s_scalbn.o)
                0x0000000008006aa0                scalbn
 *fill*         0x0000000008006b9c        0x4 
 .text.__kernel_rem_pio2
                0x0000000008006ba0      0x69c C:/ST/STM32CubeIDE_1.13.1/STM32CubeIDE/plugins/com.st.stm32cube.ide.mcu.externaltools.gnu-tools-for-stm32.11.3.rel1.win32_1.1.1.202309131626/tools/bin/../lib/gcc/arm-none-eabi/11.3.1/../../../../arm-none-eabi/lib/thumb/v7e-m+fp/hard\libm.a(libm_a-k_rem_pio2.o)
                0x0000000008006ba0                __kernel_rem_pio2
 *fill*         0x000000000800723c        0x4 
 .text.floor    0x0000000008007240      0x100 C:/ST/STM32CubeIDE_1.13.1/STM32CubeIDE/plugins/com.st.stm32cube.ide.mcu.externaltools.gnu-tools-for-stm32.11.3.rel1.win32_1.1.1.202309131626/tools/bin/../lib/gcc/arm-none-eabi/11.3.1/../../../../arm-none-eabi/lib/thumb/v7e-m+fp/hard\libm.a(libm_a-s_floor.o)
                0x0000000008007240                floor
 *(.glue_7)
 .glue_7        0x0000000008007340        0x0 linker stubs
 *(.glue_7t)
 .glue_7t       0x0000000008007340        0x0 linker stubs
 *(.eh_frame)
 .eh_frame      0x0000000008007340        0x0 C:/ST/STM32CubeIDE_1.13.1/STM32CubeIDE/plugins/com.st.stm32cube.ide.mcu.externaltools.gnu-tools-for-stm32.11.3.rel1.win32_1.1.1.202309131626/tools/bin/../lib/gcc/arm-none-eabi/11.3.1/thumb/v7e-m+fp/hard/crtbegin.o
 *(.init)
 .init          0x0000000008007340        0x4 C:/ST/STM32CubeIDE_1.13.1/STM32CubeIDE/plugins/com.st.stm32cube.ide.mcu.externaltools.gnu-tools-for-stm32.11.3.rel1.win32_1.1.1.202309131626/tools/bin/../lib/gcc/arm-none-eabi/11.3.1/thumb/v7e-m+fp/hard/crti.o
                0x0000000008007340                _init
 .init          0x0000000008007344        0x8 C:/ST/STM32CubeIDE_1.13.1/STM32CubeIDE/plugins/com.st.stm32cube.ide.mcu.externaltools.gnu-tools-for-stm32.11.3.rel1.win32_1.1.1.202309131626/tools/bin/../lib/gcc/arm-none-eabi/11.3.1/thumb/v7e-m+fp/hard/crtn.o
 *(.fini)
 .fini          0x000000000800734c        0x4 C:/ST/STM32CubeIDE_1.13.1/STM32CubeIDE/plugins/com.st.stm32cube.ide.mcu.externaltools.gnu-tools-for-stm32.11.3.rel1.win32_1.1.1.202309131626/tools/bin/../lib/gcc/arm-none-eabi/11.3.1/thumb/v7e-m+fp/hard/crti.o
                0x000000000800734c                _fini
 .fini          0x0000000008007350        0x8 C:/ST/STM32CubeIDE_1.13.1/STM32CubeIDE/plugins/com.st.stm32cube.ide.mcu.externaltools.gnu-tools-for-stm32.11.3.rel1.win32_1.1.1.202309131626/tools/bin/../lib/gcc/arm-none-eabi/11.3.1/thumb/v7e-m+fp/hard/crtn.o
                0x0000000008007358                . = ALIGN (0x4)
                0x0000000008007358                _etext = .

.vfp11_veneer   0x0000000008007358        0x0
 .vfp11_veneer  0x0000000008007358        0x0 linker stubs

.v4_bx          0x0000000008007358        0x0
 .v4_bx         0x0000000008007358        0x0 linker stubs

.iplt           0x0000000008007358        0x0
 .iplt          0x0000000008007358        0x0 C:/ST/STM32CubeIDE_1.13.1/STM32CubeIDE/plugins/com.st.stm32cube.ide.mcu.externaltools.gnu-tools-for-stm32.11.3.rel1.win32_1.1.1.202309131626/tools/bin/../lib/gcc/arm-none-eabi/11.3.1/thumb/v7e-m+fp/hard/crtbegin.o

.rodata         0x0000000008007358      0x1e8
                0x0000000008007358                . = ALIGN (0x4)
 *(.rodata)
 *(.rodata*)
 .rodata.AHBPrescTable
                0x0000000008007358       0x10 ./Core/Src/system_stm32f4xx.o
                0x0000000008007358                AHBPrescTable
 .rodata.npio2_hw
                0x0000000008007368       0x80 C:/ST/STM32CubeIDE_1.13.1/STM32CubeIDE/plugins/com.st.stm32cube.ide.mcu.externaltools.gnu-tools-for-stm32.11.3.rel1.win32_1.1.1.202309131626/tools/bin/../lib/gcc/arm-none-eabi/11.3.1/../../../../arm-none-eabi/lib/thumb/v7e-m+fp/hard\libm.a(libm_a-e_rem_pio2.o)
 .rodata.two_over_pi
                0x00000000080073e8      0x108 C:/ST/STM32CubeIDE_1.13.1/STM32CubeIDE/plugins/com.st.stm32cube.ide.mcu.externaltools.gnu-tools-for-stm32.11.3.rel1.win32_1.1.1.202309131626/tools/bin/../lib/gcc/arm-none-eabi/11.3.1/../../../../arm-none-eabi/lib/thumb/v7e-m+fp/hard\libm.a(libm_a-e_rem_pio2.o)
 .rodata.PIo2   0x00000000080074f0       0x40 C:/ST/STM32CubeIDE_1.13.1/STM32CubeIDE/plugins/com.st.stm32cube.ide.mcu.externaltools.gnu-tools-for-stm32.11.3.rel1.win32_1.1.1.202309131626/tools/bin/../lib/gcc/arm-none-eabi/11.3.1/../../../../arm-none-eabi/lib/thumb/v7e-m+fp/hard\libm.a(libm_a-k_rem_pio2.o)
 .rodata.init_jk
                0x0000000008007530       0x10 C:/ST/STM32CubeIDE_1.13.1/STM32CubeIDE/plugins/com.st.stm32cube.ide.mcu.externaltools.gnu-tools-for-stm32.11.3.rel1.win32_1.1.1.202309131626/tools/bin/../lib/gcc/arm-none-eabi/11.3.1/../../../../arm-none-eabi/lib/thumb/v7e-m+fp/hard\libm.a(libm_a-k_rem_pio2.o)
                0x0000000008007540                . = ALIGN (0x4)

.ARM.extab      0x0000000008007540        0x0
                0x0000000008007540                . = ALIGN (0x4)
 *(.ARM.extab* .gnu.linkonce.armextab.*)
                0x0000000008007540                . = ALIGN (0x4)

.ARM            0x0000000008007540        0x8
                0x0000000008007540                . = ALIGN (0x4)
                0x0000000008007540                __exidx_start = .
 *(.ARM.exidx*)
 .ARM.exidx     0x0000000008007540        0x8 C:/ST/STM32CubeIDE_1.13.1/STM32CubeIDE/plugins/com.st.stm32cube.ide.mcu.externaltools.gnu-tools-for-stm32.11.3.rel1.win32_1.1.1.202309131626/tools/bin/../lib/gcc/arm-none-eabi/11.3.1/thumb/v7e-m+fp/hard\libgcc.a(_udivmoddi4.o)
                0x0000000008007548                __exidx_end = .
                0x0000000008007548                . = ALIGN (0x4)

.rel.dyn        0x0000000008007548        0x0
 .rel.iplt      0x0000000008007548        0x0 C:/ST/STM32CubeIDE_1.13.1/STM32CubeIDE/plugins/com.st.stm32cube.ide.mcu.externaltools.gnu-tools-for-stm32.11.3.rel1.win32_1.1.1.202309131626/tools/bin/../lib/gcc/arm-none-eabi/11.3.1/thumb/v7e-m+fp/hard/crtbegin.o

.preinit_array  0x0000000008007548        0x0
                0x0000000008007548                . = ALIGN (0x4)
                0x0000000008007548                PROVIDE (__preinit_array_start = .)
 *(.preinit_array*)
                0x0000000008007548                PROVIDE (__preinit_array_end = .)
                0x0000000008007548                . = ALIGN (0x4)

.init_array     0x0000000008007548        0x4
                0x0000000008007548                . = ALIGN (0x4)
                0x0000000008007548                PROVIDE (__init_array_start = .)
 *(SORT_BY_NAME(.init_array.*))
 *(.init_array*)
 .init_array    0x0000000008007548        0x4 C:/ST/STM32CubeIDE_1.13.1/STM32CubeIDE/plugins/com.st.stm32cube.ide.mcu.externaltools.gnu-tools-for-stm32.11.3.rel1.win32_1.1.1.202309131626/tools/bin/../lib/gcc/arm-none-eabi/11.3.1/thumb/v7e-m+fp/hard/crtbegin.o
                0x000000000800754c                PROVIDE (__init_array_end = .)
                0x000000000800754c                . = ALIGN (0x4)

.fini_array     0x000000000800754c        0x4
                0x000000000800754c                . = ALIGN (0x4)
                [!provide]                        PROVIDE (__fini_array_start = .)
 *(SORT_BY_NAME(.fini_array.*))
 *(.fini_array*)
 .fini_array    0x000000000800754c        0x4 C:/ST/STM32CubeIDE_1.13.1/STM32CubeIDE/plugins/com.st.stm32cube.ide.mcu.externaltools.gnu-tools-for-stm32.11.3.rel1.win32_1.1.1.202309131626/tools/bin/../lib/gcc/arm-none-eabi/11.3.1/thumb/v7e-m+fp/hard/crtbegin.o
                [!provide]                        PROVIDE (__fini_array_end = .)
                0x0000000008007550                . = ALIGN (0x4)
                0x0000000008007550                _sidata = LOADADDR (.data)

.data           0x0000000020000000       0x10 load address 0x0000000008007550
                0x0000000020000000                . = ALIGN (0x4)
                0x0000000020000000                _sdata = .
 *(.data)
 *(.data*)
 .data.Nav_TrapezePhase_en
                0x0000000020000000        0x1 ./Core/Src/Navigation.o
                0x0000000020000000                Nav_TrapezePhase_en
 .data.Nav_RightMotorDirection_i8
                0x0000000020000001        0x1 ./Core/Src/Navigation.o
                0x0000000020000001                Nav_RightMotorDirection_i8
 .data.Nav_LeftMotorDirection_i8
                0x0000000020000002        0x1 ./Core/Src/Navigation.o
                0x0000000020000002                Nav_LeftMotorDirection_i8
 *fill*         0x0000000020000003        0x1 
 .data.SystemCoreClock
                0x0000000020000004        0x4 ./Core/Src/system_stm32f4xx.o
                0x0000000020000004                SystemCoreClock
 .data.uwTickPrio
                0x0000000020000008        0x4 ./Drivers/STM32F4xx_HAL_Driver/Src/stm32f4xx_hal.o
                0x0000000020000008                uwTickPrio
 .data.uwTickFreq
                0x000000002000000c        0x1 ./Drivers/STM32F4xx_HAL_Driver/Src/stm32f4xx_hal.o
                0x000000002000000c                uwTickFreq
 *(.RamFunc)
 *(.RamFunc*)
                0x0000000020000010                . = ALIGN (0x4)
 *fill*         0x000000002000000d        0x3 
                0x0000000020000010                _edata = .
                0x0000000008007560                _siccmram = LOADADDR (.ccmram)

.igot.plt       0x0000000020000010        0x0 load address 0x0000000008007560
 .igot.plt      0x0000000020000010        0x0 C:/ST/STM32CubeIDE_1.13.1/STM32CubeIDE/plugins/com.st.stm32cube.ide.mcu.externaltools.gnu-tools-for-stm32.11.3.rel1.win32_1.1.1.202309131626/tools/bin/../lib/gcc/arm-none-eabi/11.3.1/thumb/v7e-m+fp/hard/crtbegin.o

.ccmram         0x0000000010000000        0x0 load address 0x0000000008007560
                0x0000000010000000                . = ALIGN (0x4)
                0x0000000010000000                _sccmram = .
 *(.ccmram)
 *(.ccmram*)
                0x0000000010000000                . = ALIGN (0x4)
                0x0000000010000000                _eccmram = .
                0x0000000010000000                . = ALIGN (0x4)

.bss            0x0000000020000010      0x5a0
                0x0000000020000010                _sbss = .
                0x0000000020000010                __bss_start__ = _sbss
 *(.bss)
 .bss           0x0000000020000010       0x1c C:/ST/STM32CubeIDE_1.13.1/STM32CubeIDE/plugins/com.st.stm32cube.ide.mcu.externaltools.gnu-tools-for-stm32.11.3.rel1.win32_1.1.1.202309131626/tools/bin/../lib/gcc/arm-none-eabi/11.3.1/thumb/v7e-m+fp/hard/crtbegin.o
 *(.bss*)
 .bss.Nav_TestPathState_en
                0x000000002000002c        0x1 ./Core/Src/Navigation.o
                0x000000002000002c                Nav_TestPathState_en
 .bss.Nav_WallAlignState_en
                0x000000002000002d        0x1 ./Core/Src/Navigation.o
                0x000000002000002d                Nav_WallAlignState_en
 .bss.Nav_TrajectoryState_en
                0x000000002000002e        0x1 ./Core/Src/Navigation.o
                0x000000002000002e                Nav_TrajectoryState_en
 .bss.Nav_TrajectoryMode_en
                0x000000002000002f        0x1 ./Core/Src/Navigation.o
                0x000000002000002f                Nav_TrajectoryMode_en
 .bss.Nav_XYTargets_ad
                0x0000000020000030      0x2a0 ./Core/Src/Navigation.o
                0x0000000020000030                Nav_XYTargets_ad
 .bss.Nav_NumberOfTargets_u8
                0x00000000200002d0        0x1 ./Core/Src/Navigation.o
                0x00000000200002d0                Nav_NumberOfTargets_u8
 *fill*         0x00000000200002d1        0x7 
 .bss.Nav_KpDistance_d
                0x00000000200002d8        0x8 ./Core/Src/Navigation.o
                0x00000000200002d8                Nav_KpDistance_d
 .bss.Nav_KiDistance_d
                0x00000000200002e0        0x8 ./Core/Src/Navigation.o
                0x00000000200002e0                Nav_KiDistance_d
 .bss.Nav_KdDistance_d
                0x00000000200002e8        0x8 ./Core/Src/Navigation.o
                0x00000000200002e8                Nav_KdDistance_d
 .bss.Nav_KpAngle_d
                0x00000000200002f0        0x8 ./Core/Src/Navigation.o
                0x00000000200002f0                Nav_KpAngle_d
 .bss.Nav_KiAngle_d
                0x00000000200002f8        0x8 ./Core/Src/Navigation.o
                0x00000000200002f8                Nav_KiAngle_d
 .bss.Nav_KdAngle_d
                0x0000000020000300        0x8 ./Core/Src/Navigation.o
                0x0000000020000300                Nav_KdAngle_d
 .bss.Nav_RightTicks_i32
                0x0000000020000308        0x4 ./Core/Src/Navigation.o
                0x0000000020000308                Nav_RightTicks_i32
 .bss.Nav_LeftTicks_i32
                0x000000002000030c        0x4 ./Core/Src/Navigation.o
                0x000000002000030c                Nav_LeftTicks_i32
 .bss.Nav_ConvertLeft_Ticks2mm_d
                0x0000000020000310        0x8 ./Core/Src/Navigation.o
                0x0000000020000310                Nav_ConvertLeft_Ticks2mm_d
 .bss.Nav_ConvertRight_Ticks2mm_d
                0x0000000020000318        0x8 ./Core/Src/Navigation.o
                0x0000000020000318                Nav_ConvertRight_Ticks2mm_d
 .bss.Nav_MeasuredDistanceLeft_mm_d
                0x0000000020000320        0x8 ./Core/Src/Navigation.o
                0x0000000020000320                Nav_MeasuredDistanceLeft_mm_d
 .bss.Nav_MeasuredDistanceRight_mm_d
                0x0000000020000328        0x8 ./Core/Src/Navigation.o
                0x0000000020000328                Nav_MeasuredDistanceRight_mm_d
 .bss.Nav_MeasuredDistance_mm_d
                0x0000000020000330        0x8 ./Core/Src/Navigation.o
                0x0000000020000330                Nav_MeasuredDistance_mm_d
 .bss.Nav_PrevMeasuredDistance_mm_d
                0x0000000020000338        0x8 ./Core/Src/Navigation.o
                0x0000000020000338                Nav_PrevMeasuredDistance_mm_d
 .bss.Nav_ReferenceAngle_deg_d
                0x0000000020000340        0x8 ./Core/Src/Navigation.o
                0x0000000020000340                Nav_ReferenceAngle_deg_d
 .bss.Nav_ReferenceDistance_d
                0x0000000020000348        0x8 ./Core/Src/Navigation.o
                0x0000000020000348                Nav_ReferenceDistance_d
 .bss.Nav_MeasuredAngle_rad_d
                0x0000000020000350        0x8 ./Core/Src/Navigation.o
                0x0000000020000350                Nav_MeasuredAngle_rad_d
 .bss.Nav_PrevMeasuredAngle_rad_d
                0x0000000020000358        0x8 ./Core/Src/Navigation.o
                0x0000000020000358                Nav_PrevMeasuredAngle_rad_d
 .bss.Nav_RemainingAngle_deg_d
                0x0000000020000360        0x8 ./Core/Src/Navigation.o
                0x0000000020000360                Nav_RemainingAngle_deg_d
 .bss.Nav_CurveCoefficient_d
                0x0000000020000368        0x8 ./Core/Src/Navigation.o
                0x0000000020000368                Nav_CurveCoefficient_d
 .bss.Nav_CurrentAngle_rad_d
                0x0000000020000370        0x8 ./Core/Src/Navigation.o
                0x0000000020000370                Nav_CurrentAngle_rad_d
 .bss.Nav_PrevAngle_rad_d
                0x0000000020000378        0x8 ./Core/Src/Navigation.o
                0x0000000020000378                Nav_PrevAngle_rad_d
 .bss.Nav_AverageAngle_rad_d
                0x0000000020000380        0x8 ./Core/Src/Navigation.o
                0x0000000020000380                Nav_AverageAngle_rad_d
 .bss.Nav_CurrentAngle_deg_d
                0x0000000020000388        0x8 ./Core/Src/Navigation.o
                0x0000000020000388                Nav_CurrentAngle_deg_d
 .bss.Nav_DeltaX_mm_d
                0x0000000020000390        0x8 ./Core/Src/Navigation.o
                0x0000000020000390                Nav_DeltaX_mm_d
 .bss.Nav_DeltaY_mm_d
                0x0000000020000398        0x8 ./Core/Src/Navigation.o
                0x0000000020000398                Nav_DeltaY_mm_d
 .bss.Nav_CurrentX_mm_d
                0x00000000200003a0        0x8 ./Core/Src/Navigation.o
                0x00000000200003a0                Nav_CurrentX_mm_d
 .bss.Nav_CurrentY_mm_d
                0x00000000200003a8        0x8 ./Core/Src/Navigation.o
                0x00000000200003a8                Nav_CurrentY_mm_d
 .bss.Nav_TargetDistance_mm_d
                0x00000000200003b0        0x8 ./Core/Src/Navigation.o
                0x00000000200003b0                Nav_TargetDistance_mm_d
 .bss.Nav_RemainingDistance_mm_d
                0x00000000200003b8        0x8 ./Core/Src/Navigation.o
                0x00000000200003b8                Nav_RemainingDistance_mm_d
 .bss.Nav_CurrentTargetDistance_mm_d
                0x00000000200003c0        0x8 ./Core/Src/Navigation.o
                0x00000000200003c0                Nav_CurrentTargetDistance_mm_d
 .bss.Nav_PrevTargetDistance_mm_d
                0x00000000200003c8        0x8 ./Core/Src/Navigation.o
                0x00000000200003c8                Nav_PrevTargetDistance_mm_d
 .bss.Nav_TargetAngle_deg_d
                0x00000000200003d0        0x8 ./Core/Src/Navigation.o
                0x00000000200003d0                Nav_TargetAngle_deg_d
 .bss.Nav_CurrentTargetAngle_deg_d
                0x00000000200003d8        0x8 ./Core/Src/Navigation.o
                0x00000000200003d8                Nav_CurrentTargetAngle_deg_d
 .bss.Nav_PrevTargetAngle_deg_d
                0x00000000200003e0        0x8 ./Core/Src/Navigation.o
                0x00000000200003e0                Nav_PrevTargetAngle_deg_d
 .bss.Nav_TargetLinearVelocity_d
                0x00000000200003e8        0x8 ./Core/Src/Navigation.o
                0x00000000200003e8                Nav_TargetLinearVelocity_d
 .bss.Nav_TargetAngularVelocity_d
                0x00000000200003f0        0x8 ./Core/Src/Navigation.o
                0x00000000200003f0                Nav_TargetAngularVelocity_d
 .bss.Nav_ReferenceAngularVelocity_d
                0x00000000200003f8        0x8 ./Core/Src/Navigation.o
                0x00000000200003f8                Nav_ReferenceAngularVelocity_d
 .bss.Nav_MeasuredVelocity_mm_d
                0x0000000020000400        0x8 ./Core/Src/Navigation.o
                0x0000000020000400                Nav_MeasuredVelocity_mm_d
 .bss.Nav_MeasuredAngularVelocity_rad_d
                0x0000000020000408        0x8 ./Core/Src/Navigation.o
                0x0000000020000408                Nav_MeasuredAngularVelocity_rad_d
 .bss.Nav_MeasuredAngularVelocity_deg_d
                0x0000000020000410        0x8 ./Core/Src/Navigation.o
                0x0000000020000410                Nav_MeasuredAngularVelocity_deg_d
 .bss.Nav_ReferenceLinearVelocity_d
                0x0000000020000418        0x8 ./Core/Src/Navigation.o
                0x0000000020000418                Nav_ReferenceLinearVelocity_d
 .bss.Nav_DistanceError_d
                0x0000000020000420        0x8 ./Core/Src/Navigation.o
                0x0000000020000420                Nav_DistanceError_d
 .bss.Nav_SumDistanceError_d
                0x0000000020000428        0x8 ./Core/Src/Navigation.o
                0x0000000020000428                Nav_SumDistanceError_d
 .bss.Nav_PID_DistanceOutput_d
                0x0000000020000430        0x8 ./Core/Src/Navigation.o
                0x0000000020000430                Nav_PID_DistanceOutput_d
 .bss.Nav_AngleError_d
                0x0000000020000438        0x8 ./Core/Src/Navigation.o
                0x0000000020000438                Nav_AngleError_d
 .bss.Nav_SumAngleError_d
                0x0000000020000440        0x8 ./Core/Src/Navigation.o
                0x0000000020000440                Nav_SumAngleError_d
 .bss.Nav_PID_AngleOutput_d
                0x0000000020000448        0x8 ./Core/Src/Navigation.o
                0x0000000020000448                Nav_PID_AngleOutput_d
 .bss.Nav_RightMotorCommand_i32
                0x0000000020000450        0x4 ./Core/Src/Navigation.o
                0x0000000020000450                Nav_RightMotorCommand_i32
 .bss.Nav_LeftMotorCommand_i32
                0x0000000020000454        0x4 ./Core/Src/Navigation.o
                0x0000000020000454                Nav_LeftMotorCommand_i32
 .bss.MONITOR_RightMotorCommand_i32
                0x0000000020000458        0x4 ./Core/Src/Navigation.o
                0x0000000020000458                MONITOR_RightMotorCommand_i32
 .bss.MONITOR_LeftMotorCommand_i32
                0x000000002000045c        0x4 ./Core/Src/Navigation.o
                0x000000002000045c                MONITOR_LeftMotorCommand_i32
 .bss.Nav_Acc_d
                0x0000000020000460        0x8 ./Core/Src/Navigation.o
                0x0000000020000460                Nav_Acc_d
 .bss.Nav_MaxVelocity_d
                0x0000000020000468        0x8 ./Core/Src/Navigation.o
                0x0000000020000468                Nav_MaxVelocity_d
 .bss.Nav_AngularAcc_d
                0x0000000020000470        0x8 ./Core/Src/Navigation.o
                0x0000000020000470                Nav_AngularAcc_d
 .bss.Nav_MaxAngularVelocity_d
                0x0000000020000478        0x8 ./Core/Src/Navigation.o
                0x0000000020000478                Nav_MaxAngularVelocity_d
 .bss.Nav_CurrentSample_u32
                0x0000000020000480        0x4 ./Core/Src/Navigation.o
                0x0000000020000480                Nav_CurrentSample_u32
 .bss.Nav_AccelerationSamples_u32
                0x0000000020000484        0x4 ./Core/Src/Navigation.o
                0x0000000020000484                Nav_AccelerationSamples_u32
 .bss.Nav_Counter_u32
                0x0000000020000488        0x4 ./Core/Src/Navigation.o
                0x0000000020000488                Nav_Counter_u32
 .bss.htim1     0x000000002000048c       0x48 ./Core/Src/main.o
                0x000000002000048c                htim1
 .bss.htim2     0x00000000200004d4       0x48 ./Core/Src/main.o
                0x00000000200004d4                htim2
 .bss.htim5     0x000000002000051c       0x48 ./Core/Src/main.o
                0x000000002000051c                htim5
 .bss.htim6     0x0000000020000564       0x48 ./Core/Src/main.o
                0x0000000020000564                htim6
 .bss.uwTick    0x00000000200005ac        0x4 ./Drivers/STM32F4xx_HAL_Driver/Src/stm32f4xx_hal.o
                0x00000000200005ac                uwTick
 *(COMMON)
                0x00000000200005b0                . = ALIGN (0x4)
                0x00000000200005b0                _ebss = .
                0x00000000200005b0                __bss_end__ = _ebss

._user_heap_stack
                0x00000000200005b0      0x600
                0x00000000200005b0                . = ALIGN (0x8)
                [!provide]                        PROVIDE (end = .)
                0x00000000200005b0                PROVIDE (_end = .)
                0x00000000200007b0                . = (. + _Min_Heap_Size)
 *fill*         0x00000000200005b0      0x200 
                0x0000000020000bb0                . = (. + _Min_Stack_Size)
 *fill*         0x00000000200007b0      0x400 
                0x0000000020000bb0                . = ALIGN (0x8)

/DISCARD/
 libc.a(*)
 libm.a(*)
 libgcc.a(*)

.ARM.attributes
                0x0000000000000000       0x30
 *(.ARM.attributes)
 .ARM.attributes
                0x0000000000000000       0x1e C:/ST/STM32CubeIDE_1.13.1/STM32CubeIDE/plugins/com.st.stm32cube.ide.mcu.externaltools.gnu-tools-for-stm32.11.3.rel1.win32_1.1.1.202309131626/tools/bin/../lib/gcc/arm-none-eabi/11.3.1/thumb/v7e-m+fp/hard/crti.o
 .ARM.attributes
                0x000000000000001e       0x34 C:/ST/STM32CubeIDE_1.13.1/STM32CubeIDE/plugins/com.st.stm32cube.ide.mcu.externaltools.gnu-tools-for-stm32.11.3.rel1.win32_1.1.1.202309131626/tools/bin/../lib/gcc/arm-none-eabi/11.3.1/thumb/v7e-m+fp/hard/crtbegin.o
 .ARM.attributes
                0x0000000000000052       0x34 ./Core/Src/NavRoutineFunctions.o
 .ARM.attributes
                0x0000000000000086       0x34 ./Core/Src/NavStateMachines.o
 .ARM.attributes
                0x00000000000000ba       0x34 ./Core/Src/Navigation.o
 .ARM.attributes
                0x00000000000000ee       0x34 ./Core/Src/main.o
 .ARM.attributes
                0x0000000000000122       0x34 ./Core/Src/stm32f4xx_hal_msp.o
 .ARM.attributes
                0x0000000000000156       0x34 ./Core/Src/stm32f4xx_it.o
 .ARM.attributes
                0x000000000000018a       0x34 ./Core/Src/system_stm32f4xx.o
 .ARM.attributes
                0x00000000000001be       0x21 ./Core/Startup/startup_stm32f407vgtx.o
 .ARM.attributes
                0x00000000000001df       0x34 ./Drivers/STM32F4xx_HAL_Driver/Src/stm32f4xx_hal.o
 .ARM.attributes
                0x0000000000000213       0x34 ./Drivers/STM32F4xx_HAL_Driver/Src/stm32f4xx_hal_cortex.o
 .ARM.attributes
                0x0000000000000247       0x34 ./Drivers/STM32F4xx_HAL_Driver/Src/stm32f4xx_hal_gpio.o
 .ARM.attributes
                0x000000000000027b       0x34 ./Drivers/STM32F4xx_HAL_Driver/Src/stm32f4xx_hal_rcc.o
 .ARM.attributes
                0x00000000000002af       0x34 ./Drivers/STM32F4xx_HAL_Driver/Src/stm32f4xx_hal_tim.o
 .ARM.attributes
                0x00000000000002e3       0x34 ./Drivers/STM32F4xx_HAL_Driver/Src/stm32f4xx_hal_tim_ex.o
 .ARM.attributes
                0x0000000000000317       0x34 C:/ST/STM32CubeIDE_1.13.1/STM32CubeIDE/plugins/com.st.stm32cube.ide.mcu.externaltools.gnu-tools-for-stm32.11.3.rel1.win32_1.1.1.202309131626/tools/bin/../lib/gcc/arm-none-eabi/11.3.1/../../../../arm-none-eabi/lib/thumb/v7e-m+fp/hard\libc_nano.a(libc_a-memset.o)
 .ARM.attributes
                0x000000000000034b       0x34 C:/ST/STM32CubeIDE_1.13.1/STM32CubeIDE/plugins/com.st.stm32cube.ide.mcu.externaltools.gnu-tools-for-stm32.11.3.rel1.win32_1.1.1.202309131626/tools/bin/../lib/gcc/arm-none-eabi/11.3.1/../../../../arm-none-eabi/lib/thumb/v7e-m+fp/hard\libc_nano.a(libc_a-init.o)
 .ARM.attributes
                0x000000000000037f       0x34 C:/ST/STM32CubeIDE_1.13.1/STM32CubeIDE/plugins/com.st.stm32cube.ide.mcu.externaltools.gnu-tools-for-stm32.11.3.rel1.win32_1.1.1.202309131626/tools/bin/../lib/gcc/arm-none-eabi/11.3.1/../../../../arm-none-eabi/lib/thumb/v7e-m+fp/hard\libm.a(libm_a-s_cos.o)
 .ARM.attributes
                0x00000000000003b3       0x34 C:/ST/STM32CubeIDE_1.13.1/STM32CubeIDE/plugins/com.st.stm32cube.ide.mcu.externaltools.gnu-tools-for-stm32.11.3.rel1.win32_1.1.1.202309131626/tools/bin/../lib/gcc/arm-none-eabi/11.3.1/../../../../arm-none-eabi/lib/thumb/v7e-m+fp/hard\libm.a(libm_a-s_sin.o)
 .ARM.attributes
                0x00000000000003e7       0x34 C:/ST/STM32CubeIDE_1.13.1/STM32CubeIDE/plugins/com.st.stm32cube.ide.mcu.externaltools.gnu-tools-for-stm32.11.3.rel1.win32_1.1.1.202309131626/tools/bin/../lib/gcc/arm-none-eabi/11.3.1/../../../../arm-none-eabi/lib/thumb/v7e-m+fp/hard\libm.a(libm_a-k_cos.o)
 .ARM.attributes
                0x000000000000041b       0x34 C:/ST/STM32CubeIDE_1.13.1/STM32CubeIDE/plugins/com.st.stm32cube.ide.mcu.externaltools.gnu-tools-for-stm32.11.3.rel1.win32_1.1.1.202309131626/tools/bin/../lib/gcc/arm-none-eabi/11.3.1/../../../../arm-none-eabi/lib/thumb/v7e-m+fp/hard\libm.a(libm_a-k_sin.o)
 .ARM.attributes
                0x000000000000044f       0x34 C:/ST/STM32CubeIDE_1.13.1/STM32CubeIDE/plugins/com.st.stm32cube.ide.mcu.externaltools.gnu-tools-for-stm32.11.3.rel1.win32_1.1.1.202309131626/tools/bin/../lib/gcc/arm-none-eabi/11.3.1/../../../../arm-none-eabi/lib/thumb/v7e-m+fp/hard\libm.a(libm_a-e_rem_pio2.o)
 .ARM.attributes
                0x0000000000000483       0x34 C:/ST/STM32CubeIDE_1.13.1/STM32CubeIDE/plugins/com.st.stm32cube.ide.mcu.externaltools.gnu-tools-for-stm32.11.3.rel1.win32_1.1.1.202309131626/tools/bin/../lib/gcc/arm-none-eabi/11.3.1/../../../../arm-none-eabi/lib/thumb/v7e-m+fp/hard\libm.a(libm_a-s_fabs.o)
 .ARM.attributes
                0x00000000000004b7       0x34 C:/ST/STM32CubeIDE_1.13.1/STM32CubeIDE/plugins/com.st.stm32cube.ide.mcu.externaltools.gnu-tools-for-stm32.11.3.rel1.win32_1.1.1.202309131626/tools/bin/../lib/gcc/arm-none-eabi/11.3.1/../../../../arm-none-eabi/lib/thumb/v7e-m+fp/hard\libm.a(libm_a-s_scalbn.o)
 .ARM.attributes
                0x00000000000004eb       0x34 C:/ST/STM32CubeIDE_1.13.1/STM32CubeIDE/plugins/com.st.stm32cube.ide.mcu.externaltools.gnu-tools-for-stm32.11.3.rel1.win32_1.1.1.202309131626/tools/bin/../lib/gcc/arm-none-eabi/11.3.1/../../../../arm-none-eabi/lib/thumb/v7e-m+fp/hard\libm.a(libm_a-k_rem_pio2.o)
 .ARM.attributes
                0x000000000000051f       0x34 C:/ST/STM32CubeIDE_1.13.1/STM32CubeIDE/plugins/com.st.stm32cube.ide.mcu.externaltools.gnu-tools-for-stm32.11.3.rel1.win32_1.1.1.202309131626/tools/bin/../lib/gcc/arm-none-eabi/11.3.1/../../../../arm-none-eabi/lib/thumb/v7e-m+fp/hard\libm.a(libm_a-s_floor.o)
 .ARM.attributes
                0x0000000000000553       0x1e C:/ST/STM32CubeIDE_1.13.1/STM32CubeIDE/plugins/com.st.stm32cube.ide.mcu.externaltools.gnu-tools-for-stm32.11.3.rel1.win32_1.1.1.202309131626/tools/bin/../lib/gcc/arm-none-eabi/11.3.1/thumb/v7e-m+fp/hard\libgcc.a(_arm_addsubdf3.o)
 .ARM.attributes
                0x0000000000000571       0x1e C:/ST/STM32CubeIDE_1.13.1/STM32CubeIDE/plugins/com.st.stm32cube.ide.mcu.externaltools.gnu-tools-for-stm32.11.3.rel1.win32_1.1.1.202309131626/tools/bin/../lib/gcc/arm-none-eabi/11.3.1/thumb/v7e-m+fp/hard\libgcc.a(_arm_muldivdf3.o)
 .ARM.attributes
                0x000000000000058f       0x1e C:/ST/STM32CubeIDE_1.13.1/STM32CubeIDE/plugins/com.st.stm32cube.ide.mcu.externaltools.gnu-tools-for-stm32.11.3.rel1.win32_1.1.1.202309131626/tools/bin/../lib/gcc/arm-none-eabi/11.3.1/thumb/v7e-m+fp/hard\libgcc.a(_arm_cmpdf2.o)
 .ARM.attributes
                0x00000000000005ad       0x1e C:/ST/STM32CubeIDE_1.13.1/STM32CubeIDE/plugins/com.st.stm32cube.ide.mcu.externaltools.gnu-tools-for-stm32.11.3.rel1.win32_1.1.1.202309131626/tools/bin/../lib/gcc/arm-none-eabi/11.3.1/thumb/v7e-m+fp/hard\libgcc.a(_arm_fixdfsi.o)
 .ARM.attributes
                0x00000000000005cb       0x1e C:/ST/STM32CubeIDE_1.13.1/STM32CubeIDE/plugins/com.st.stm32cube.ide.mcu.externaltools.gnu-tools-for-stm32.11.3.rel1.win32_1.1.1.202309131626/tools/bin/../lib/gcc/arm-none-eabi/11.3.1/thumb/v7e-m+fp/hard\libgcc.a(_aeabi_uldivmod.o)
 .ARM.attributes
                0x00000000000005e9       0x34 C:/ST/STM32CubeIDE_1.13.1/STM32CubeIDE/plugins/com.st.stm32cube.ide.mcu.externaltools.gnu-tools-for-stm32.11.3.rel1.win32_1.1.1.202309131626/tools/bin/../lib/gcc/arm-none-eabi/11.3.1/thumb/v7e-m+fp/hard\libgcc.a(_udivmoddi4.o)
 .ARM.attributes
                0x000000000000061d       0x1e C:/ST/STM32CubeIDE_1.13.1/STM32CubeIDE/plugins/com.st.stm32cube.ide.mcu.externaltools.gnu-tools-for-stm32.11.3.rel1.win32_1.1.1.202309131626/tools/bin/../lib/gcc/arm-none-eabi/11.3.1/thumb/v7e-m+fp/hard\libgcc.a(_dvmd_tls.o)
 .ARM.attributes
                0x000000000000063b       0x1e C:/ST/STM32CubeIDE_1.13.1/STM32CubeIDE/plugins/com.st.stm32cube.ide.mcu.externaltools.gnu-tools-for-stm32.11.3.rel1.win32_1.1.1.202309131626/tools/bin/../lib/gcc/arm-none-eabi/11.3.1/thumb/v7e-m+fp/hard/crtn.o
OUTPUT(f407Eurobot.elf elf32-littlearm)
LOAD linker stubs
LOAD C:/ST/STM32CubeIDE_1.13.1/STM32CubeIDE/plugins/com.st.stm32cube.ide.mcu.externaltools.gnu-tools-for-stm32.11.3.rel1.win32_1.1.1.202309131626/tools/bin/../lib/gcc/arm-none-eabi/11.3.1/../../../../arm-none-eabi/lib/thumb/v7e-m+fp/hard\libc.a
LOAD C:/ST/STM32CubeIDE_1.13.1/STM32CubeIDE/plugins/com.st.stm32cube.ide.mcu.externaltools.gnu-tools-for-stm32.11.3.rel1.win32_1.1.1.202309131626/tools/bin/../lib/gcc/arm-none-eabi/11.3.1/../../../../arm-none-eabi/lib/thumb/v7e-m+fp/hard\libm.a
LOAD C:/ST/STM32CubeIDE_1.13.1/STM32CubeIDE/plugins/com.st.stm32cube.ide.mcu.externaltools.gnu-tools-for-stm32.11.3.rel1.win32_1.1.1.202309131626/tools/bin/../lib/gcc/arm-none-eabi/11.3.1/thumb/v7e-m+fp/hard\libgcc.a

.comment        0x0000000000000000       0x43
 .comment       0x0000000000000000       0x43 C:/ST/STM32CubeIDE_1.13.1/STM32CubeIDE/plugins/com.st.stm32cube.ide.mcu.externaltools.gnu-tools-for-stm32.11.3.rel1.win32_1.1.1.202309131626/tools/bin/../lib/gcc/arm-none-eabi/11.3.1/thumb/v7e-m+fp/hard/crtbegin.o
                                         0x44 (size before relaxing)
 .comment       0x0000000000000043       0x44 ./Core/Src/NavRoutineFunctions.o
 .comment       0x0000000000000043       0x44 ./Core/Src/NavStateMachines.o
 .comment       0x0000000000000043       0x44 ./Core/Src/Navigation.o
 .comment       0x0000000000000043       0x44 ./Core/Src/main.o
 .comment       0x0000000000000043       0x44 ./Core/Src/stm32f4xx_hal_msp.o
 .comment       0x0000000000000043       0x44 ./Core/Src/stm32f4xx_it.o
 .comment       0x0000000000000043       0x44 ./Core/Src/system_stm32f4xx.o
 .comment       0x0000000000000043       0x44 ./Drivers/STM32F4xx_HAL_Driver/Src/stm32f4xx_hal.o
 .comment       0x0000000000000043       0x44 ./Drivers/STM32F4xx_HAL_Driver/Src/stm32f4xx_hal_cortex.o
 .comment       0x0000000000000043       0x44 ./Drivers/STM32F4xx_HAL_Driver/Src/stm32f4xx_hal_gpio.o
 .comment       0x0000000000000043       0x44 ./Drivers/STM32F4xx_HAL_Driver/Src/stm32f4xx_hal_rcc.o
 .comment       0x0000000000000043       0x44 ./Drivers/STM32F4xx_HAL_Driver/Src/stm32f4xx_hal_tim.o
 .comment       0x0000000000000043       0x44 ./Drivers/STM32F4xx_HAL_Driver/Src/stm32f4xx_hal_tim_ex.o

.debug_info     0x0000000000000000     0xa5df
 .debug_info    0x0000000000000000      0x465 ./Core/Src/NavRoutineFunctions.o
 .debug_info    0x0000000000000465      0x785 ./Core/Src/NavStateMachines.o
 .debug_info    0x0000000000000bea      0xc17 ./Core/Src/Navigation.o
 .debug_info    0x0000000000001801     0x1014 ./Core/Src/main.o
 .debug_info    0x0000000000002815      0xda4 ./Core/Src/stm32f4xx_hal_msp.o
 .debug_info    0x00000000000035b9      0x6f9 ./Core/Src/stm32f4xx_it.o
 .debug_info    0x0000000000003cb2      0x512 ./Core/Src/system_stm32f4xx.o
 .debug_info    0x00000000000041c4       0x23 ./Core/Startup/startup_stm32f407vgtx.o
 .debug_info    0x00000000000041e7      0x948 ./Drivers/STM32F4xx_HAL_Driver/Src/stm32f4xx_hal.o
 .debug_info    0x0000000000004b2f      0xd46 ./Drivers/STM32F4xx_HAL_Driver/Src/stm32f4xx_hal_cortex.o
 .debug_info    0x0000000000005875      0x6c3 ./Drivers/STM32F4xx_HAL_Driver/Src/stm32f4xx_hal_gpio.o
 .debug_info    0x0000000000005f38      0x8b1 ./Drivers/STM32F4xx_HAL_Driver/Src/stm32f4xx_hal_rcc.o
 .debug_info    0x00000000000067e9     0x2948 ./Drivers/STM32F4xx_HAL_Driver/Src/stm32f4xx_hal_tim.o
 .debug_info    0x0000000000009131     0x14ae ./Drivers/STM32F4xx_HAL_Driver/Src/stm32f4xx_hal_tim_ex.o

.debug_abbrev   0x0000000000000000     0x1a04
 .debug_abbrev  0x0000000000000000       0xff ./Core/Src/NavRoutineFunctions.o
 .debug_abbrev  0x00000000000000ff      0x168 ./Core/Src/NavStateMachines.o
 .debug_abbrev  0x0000000000000267      0x167 ./Core/Src/Navigation.o
 .debug_abbrev  0x00000000000003ce      0x2c3 ./Core/Src/main.o
 .debug_abbrev  0x0000000000000691      0x202 ./Core/Src/stm32f4xx_hal_msp.o
 .debug_abbrev  0x0000000000000893      0x194 ./Core/Src/stm32f4xx_it.o
 .debug_abbrev  0x0000000000000a27      0x11a ./Core/Src/system_stm32f4xx.o
 .debug_abbrev  0x0000000000000b41       0x12 ./Core/Startup/startup_stm32f407vgtx.o
 .debug_abbrev  0x0000000000000b53      0x213 ./Drivers/STM32F4xx_HAL_Driver/Src/stm32f4xx_hal.o
 .debug_abbrev  0x0000000000000d66      0x327 ./Drivers/STM32F4xx_HAL_Driver/Src/stm32f4xx_hal_cortex.o
 .debug_abbrev  0x000000000000108d      0x1d4 ./Drivers/STM32F4xx_HAL_Driver/Src/stm32f4xx_hal_gpio.o
 .debug_abbrev  0x0000000000001261      0x2b6 ./Drivers/STM32F4xx_HAL_Driver/Src/stm32f4xx_hal_rcc.o
 .debug_abbrev  0x0000000000001517      0x271 ./Drivers/STM32F4xx_HAL_Driver/Src/stm32f4xx_hal_tim.o
 .debug_abbrev  0x0000000000001788      0x27c ./Drivers/STM32F4xx_HAL_Driver/Src/stm32f4xx_hal_tim_ex.o

.debug_aranges  0x0000000000000000      0xa80
 .debug_aranges
                0x0000000000000000       0x48 ./Core/Src/NavRoutineFunctions.o
 .debug_aranges
                0x0000000000000048       0x40 ./Core/Src/NavStateMachines.o
 .debug_aranges
                0x0000000000000088       0x70 ./Core/Src/Navigation.o
 .debug_aranges
                0x00000000000000f8       0x60 ./Core/Src/main.o
 .debug_aranges
                0x0000000000000158       0x48 ./Core/Src/stm32f4xx_hal_msp.o
 .debug_aranges
                0x00000000000001a0       0x70 ./Core/Src/stm32f4xx_it.o
 .debug_aranges
                0x0000000000000210       0x28 ./Core/Src/system_stm32f4xx.o
 .debug_aranges
                0x0000000000000238       0x28 ./Core/Startup/startup_stm32f407vgtx.o
 .debug_aranges
                0x0000000000000260       0xf0 ./Drivers/STM32F4xx_HAL_Driver/Src/stm32f4xx_hal.o
 .debug_aranges
                0x0000000000000350      0x118 ./Drivers/STM32F4xx_HAL_Driver/Src/stm32f4xx_hal_cortex.o
 .debug_aranges
                0x0000000000000468       0x58 ./Drivers/STM32F4xx_HAL_Driver/Src/stm32f4xx_hal_gpio.o
 .debug_aranges
                0x00000000000004c0       0x88 ./Drivers/STM32F4xx_HAL_Driver/Src/stm32f4xx_hal_rcc.o
 .debug_aranges
                0x0000000000000548      0x3d0 ./Drivers/STM32F4xx_HAL_Driver/Src/stm32f4xx_hal_tim.o
 .debug_aranges
                0x0000000000000918      0x168 ./Drivers/STM32F4xx_HAL_Driver/Src/stm32f4xx_hal_tim_ex.o

.debug_rnglists
                0x0000000000000000      0x81c
 .debug_rnglists
                0x0000000000000000       0x36 ./Core/Src/NavRoutineFunctions.o
 .debug_rnglists
                0x0000000000000036       0x30 ./Core/Src/NavStateMachines.o
 .debug_rnglists
                0x0000000000000066       0x58 ./Core/Src/Navigation.o
 .debug_rnglists
                0x00000000000000be       0x49 ./Core/Src/main.o
 .debug_rnglists
                0x0000000000000107       0x32 ./Core/Src/stm32f4xx_hal_msp.o
 .debug_rnglists
                0x0000000000000139       0x4f ./Core/Src/stm32f4xx_it.o
 .debug_rnglists
                0x0000000000000188       0x1a ./Core/Src/system_stm32f4xx.o
 .debug_rnglists
                0x00000000000001a2       0x19 ./Core/Startup/startup_stm32f407vgtx.o
 .debug_rnglists
                0x00000000000001bb       0xaf ./Drivers/STM32F4xx_HAL_Driver/Src/stm32f4xx_hal.o
 .debug_rnglists
                0x000000000000026a       0xce ./Drivers/STM32F4xx_HAL_Driver/Src/stm32f4xx_hal_cortex.o
 .debug_rnglists
                0x0000000000000338       0x3f ./Drivers/STM32F4xx_HAL_Driver/Src/stm32f4xx_hal_gpio.o
 .debug_rnglists
                0x0000000000000377       0x66 ./Drivers/STM32F4xx_HAL_Driver/Src/stm32f4xx_hal_rcc.o
 .debug_rnglists
                0x00000000000003dd      0x31a ./Drivers/STM32F4xx_HAL_Driver/Src/stm32f4xx_hal_tim.o
 .debug_rnglists
                0x00000000000006f7      0x125 ./Drivers/STM32F4xx_HAL_Driver/Src/stm32f4xx_hal_tim_ex.o

.debug_macro    0x0000000000000000    0x20d58
 .debug_macro   0x0000000000000000      0x29e ./Core/Src/NavRoutineFunctions.o
 .debug_macro   0x000000000000029e      0xaa8 ./Core/Src/NavRoutineFunctions.o
 .debug_macro   0x0000000000000d46      0x295 ./Core/Src/NavRoutineFunctions.o
 .debug_macro   0x0000000000000fdb       0x2e ./Core/Src/NavRoutineFunctions.o
 .debug_macro   0x0000000000001009       0x2f ./Core/Src/NavRoutineFunctions.o
 .debug_macro   0x0000000000001038       0x22 ./Core/Src/NavRoutineFunctions.o
 .debug_macro   0x000000000000105a       0x8e ./Core/Src/NavRoutineFunctions.o
 .debug_macro   0x00000000000010e8       0x51 ./Core/Src/NavRoutineFunctions.o
 .debug_macro   0x0000000000001139      0x103 ./Core/Src/NavRoutineFunctions.o
 .debug_macro   0x000000000000123c       0x6a ./Core/Src/NavRoutineFunctions.o
 .debug_macro   0x00000000000012a6      0x1df ./Core/Src/NavRoutineFunctions.o
 .debug_macro   0x0000000000001485       0x1c ./Core/Src/NavRoutineFunctions.o
 .debug_macro   0x00000000000014a1       0x22 ./Core/Src/NavRoutineFunctions.o
 .debug_macro   0x00000000000014c3       0xd9 ./Core/Src/NavRoutineFunctions.o
 .debug_macro   0x000000000000159c     0x102d ./Core/Src/NavRoutineFunctions.o
 .debug_macro   0x00000000000025c9      0x11f ./Core/Src/NavRoutineFunctions.o
 .debug_macro   0x00000000000026e8    0x15e82 ./Core/Src/NavRoutineFunctions.o
 .debug_macro   0x000000000001856a       0x6d ./Core/Src/NavRoutineFunctions.o
 .debug_macro   0x00000000000185d7     0x367e ./Core/Src/NavRoutineFunctions.o
 .debug_macro   0x000000000001bc55      0x174 ./Core/Src/NavRoutineFunctions.o
 .debug_macro   0x000000000001bdc9       0x5c ./Core/Src/NavRoutineFunctions.o
 .debug_macro   0x000000000001be25      0x96b ./Core/Src/NavRoutineFunctions.o
 .debug_macro   0x000000000001c790      0x9fe ./Core/Src/NavRoutineFunctions.o
 .debug_macro   0x000000000001d18e      0x115 ./Core/Src/NavRoutineFunctions.o
 .debug_macro   0x000000000001d2a3      0x13e ./Core/Src/NavRoutineFunctions.o
 .debug_macro   0x000000000001d3e1       0xa5 ./Core/Src/NavRoutineFunctions.o
 .debug_macro   0x000000000001d486      0x174 ./Core/Src/NavRoutineFunctions.o
 .debug_macro   0x000000000001d5fa      0x287 ./Core/Src/NavRoutineFunctions.o
 .debug_macro   0x000000000001d881       0x5f ./Core/Src/NavRoutineFunctions.o
 .debug_macro   0x000000000001d8e0      0x236 ./Core/Src/NavRoutineFunctions.o
 .debug_macro   0x000000000001db16      0x12c ./Core/Src/NavRoutineFunctions.o
 .debug_macro   0x000000000001dc42      0x21e ./Core/Src/NavRoutineFunctions.o
 .debug_macro   0x000000000001de60       0x2e ./Core/Src/NavRoutineFunctions.o
 .debug_macro   0x000000000001de8e      0x11a ./Core/Src/NavRoutineFunctions.o
 .debug_macro   0x000000000001dfa8       0x7e ./Core/Src/NavRoutineFunctions.o
 .debug_macro   0x000000000001e026       0x89 ./Core/Src/NavRoutineFunctions.o
 .debug_macro   0x000000000001e0af      0x8e6 ./Core/Src/NavRoutineFunctions.o
 .debug_macro   0x000000000001e995       0x47 ./Core/Src/NavRoutineFunctions.o
 .debug_macro   0x000000000001e9dc      0x12d ./Core/Src/NavRoutineFunctions.o
 .debug_macro   0x000000000001eb09       0x34 ./Core/Src/NavRoutineFunctions.o
 .debug_macro   0x000000000001eb3d       0x16 ./Core/Src/NavRoutineFunctions.o
 .debug_macro   0x000000000001eb53       0x82 ./Core/Src/NavRoutineFunctions.o
 .debug_macro   0x000000000001ebd5       0x61 ./Core/Src/NavRoutineFunctions.o
 .debug_macro   0x000000000001ec36       0x2a ./Core/Src/NavRoutineFunctions.o
 .debug_macro   0x000000000001ec60       0x43 ./Core/Src/NavRoutineFunctions.o
 .debug_macro   0x000000000001eca3       0x34 ./Core/Src/NavRoutineFunctions.o
 .debug_macro   0x000000000001ecd7       0x16 ./Core/Src/NavRoutineFunctions.o
 .debug_macro   0x000000000001eced       0x43 ./Core/Src/NavRoutineFunctions.o
 .debug_macro   0x000000000001ed30       0x34 ./Core/Src/NavRoutineFunctions.o
 .debug_macro   0x000000000001ed64       0x10 ./Core/Src/NavRoutineFunctions.o
 .debug_macro   0x000000000001ed74       0x58 ./Core/Src/NavRoutineFunctions.o
 .debug_macro   0x000000000001edcc       0x8e ./Core/Src/NavRoutineFunctions.o
 .debug_macro   0x000000000001ee5a       0x1c ./Core/Src/NavRoutineFunctions.o
 .debug_macro   0x000000000001ee76      0x177 ./Core/Src/NavRoutineFunctions.o
 .debug_macro   0x000000000001efed      0x369 ./Core/Src/NavRoutineFunctions.o
 .debug_macro   0x000000000001f356      0x19b ./Core/Src/NavRoutineFunctions.o
 .debug_macro   0x000000000001f4f1      0x29e ./Core/Src/NavStateMachines.o
 .debug_macro   0x000000000001f78f      0x29e ./Core/Src/Navigation.o
 .debug_macro   0x000000000001fa2d      0x29e ./Core/Src/main.o
 .debug_macro   0x000000000001fccb      0x1ce ./Core/Src/stm32f4xx_hal_msp.o
 .debug_macro   0x000000000001fe99      0x1d8 ./Core/Src/stm32f4xx_it.o
 .debug_macro   0x0000000000020071      0x1c4 ./Core/Src/system_stm32f4xx.o
 .debug_macro   0x0000000000020235      0x224 ./Drivers/STM32F4xx_HAL_Driver/Src/stm32f4xx_hal.o
 .debug_macro   0x0000000000020459      0x1c4 ./Drivers/STM32F4xx_HAL_Driver/Src/stm32f4xx_hal_cortex.o
 .debug_macro   0x000000000002061d      0x1ca ./Drivers/STM32F4xx_HAL_Driver/Src/stm32f4xx_hal_gpio.o
 .debug_macro   0x00000000000207e7      0x1e8 ./Drivers/STM32F4xx_HAL_Driver/Src/stm32f4xx_hal_rcc.o
 .debug_macro   0x00000000000209cf      0x1c5 ./Drivers/STM32F4xx_HAL_Driver/Src/stm32f4xx_hal_tim.o
 .debug_macro   0x0000000000020b94      0x1c4 ./Drivers/STM32F4xx_HAL_Driver/Src/stm32f4xx_hal_tim_ex.o

.debug_line     0x0000000000000000     0xd2ad
 .debug_line    0x0000000000000000      0xb1b ./Core/Src/NavRoutineFunctions.o
 .debug_line    0x0000000000000b1b     0x11fe ./Core/Src/NavStateMachines.o
 .debug_line    0x0000000000001d19     0x10c2 ./Core/Src/Navigation.o
 .debug_line    0x0000000000002ddb      0xb30 ./Core/Src/main.o
 .debug_line    0x000000000000390b      0x84e ./Core/Src/stm32f4xx_hal_msp.o
 .debug_line    0x0000000000004159      0x821 ./Core/Src/stm32f4xx_it.o
 .debug_line    0x000000000000497a      0x7b0 ./Core/Src/system_stm32f4xx.o
 .debug_line    0x000000000000512a       0x7a ./Core/Startup/startup_stm32f407vgtx.o
 .debug_line    0x00000000000051a4      0xa16 ./Drivers/STM32F4xx_HAL_Driver/Src/stm32f4xx_hal.o
 .debug_line    0x0000000000005bba      0xcc5 ./Drivers/STM32F4xx_HAL_Driver/Src/stm32f4xx_hal_cortex.o
 .debug_line    0x000000000000687f      0xb8a ./Drivers/STM32F4xx_HAL_Driver/Src/stm32f4xx_hal_gpio.o
 .debug_line    0x0000000000007409      0xd8f ./Drivers/STM32F4xx_HAL_Driver/Src/stm32f4xx_hal_rcc.o
 .debug_line    0x0000000000008198     0x3702 ./Drivers/STM32F4xx_HAL_Driver/Src/stm32f4xx_hal_tim.o
 .debug_line    0x000000000000b89a     0x1a13 ./Drivers/STM32F4xx_HAL_Driver/Src/stm32f4xx_hal_tim_ex.o

.debug_str      0x0000000000000000    0xc9883
 .debug_str     0x0000000000000000    0xc597c ./Core/Src/NavRoutineFunctions.o
                                      0xc5c49 (size before relaxing)
 .debug_str     0x00000000000c597c      0xa38 ./Core/Src/NavStateMachines.o
                                      0xc63cc (size before relaxing)
 .debug_str     0x00000000000c63b4      0x44b ./Core/Src/Navigation.o
                                      0xc696f (size before relaxing)
 .debug_str     0x00000000000c67ff      0xb37 ./Core/Src/main.o
                                      0xc6394 (size before relaxing)
 .debug_str     0x00000000000c7336      0x666 ./Core/Src/stm32f4xx_hal_msp.o
                                      0xc265d (size before relaxing)
 .debug_str     0x00000000000c799c      0x100 ./Core/Src/stm32f4xx_it.o
                                      0xc1faf (size before relaxing)
 .debug_str     0x00000000000c7a9c       0xdb ./Core/Src/system_stm32f4xx.o
                                      0xc1b61 (size before relaxing)
 .debug_str     0x00000000000c7b77       0x34 ./Core/Startup/startup_stm32f407vgtx.o
                                         0x77 (size before relaxing)
 .debug_str     0x00000000000c7bab      0x5f0 ./Drivers/STM32F4xx_HAL_Driver/Src/stm32f4xx_hal.o
                                      0xc26e5 (size before relaxing)
 .debug_str     0x00000000000c819b      0x328 ./Drivers/STM32F4xx_HAL_Driver/Src/stm32f4xx_hal_cortex.o
                                      0xc2418 (size before relaxing)
 .debug_str     0x00000000000c84c3      0x15d ./Drivers/STM32F4xx_HAL_Driver/Src/stm32f4xx_hal_gpio.o
                                      0xc1cdc (size before relaxing)
 .debug_str     0x00000000000c8620      0x233 ./Drivers/STM32F4xx_HAL_Driver/Src/stm32f4xx_hal_rcc.o
                                      0xc1f95 (size before relaxing)
 .debug_str     0x00000000000c8853      0xc4f ./Drivers/STM32F4xx_HAL_Driver/Src/stm32f4xx_hal_tim.o
                                      0xc2edb (size before relaxing)
 .debug_str     0x00000000000c94a2      0x3e1 ./Drivers/STM32F4xx_HAL_Driver/Src/stm32f4xx_hal_tim_ex.o
                                      0xc26f7 (size before relaxing)

.debug_frame    0x0000000000000000     0x2ed8
 .debug_frame   0x0000000000000000       0xd0 ./Core/Src/NavRoutineFunctions.o
 .debug_frame   0x00000000000000d0       0xf0 ./Core/Src/NavStateMachines.o
 .debug_frame   0x00000000000001c0      0x158 ./Core/Src/Navigation.o
 .debug_frame   0x0000000000000318      0x144 ./Core/Src/main.o
 .debug_frame   0x000000000000045c       0xe8 ./Core/Src/stm32f4xx_hal_msp.o
 .debug_frame   0x0000000000000544      0x13c ./Core/Src/stm32f4xx_it.o
 .debug_frame   0x0000000000000680       0x58 ./Core/Src/system_stm32f4xx.o
 .debug_frame   0x00000000000006d8      0x374 ./Drivers/STM32F4xx_HAL_Driver/Src/stm32f4xx_hal.o
 .debug_frame   0x0000000000000a4c      0x498 ./Drivers/STM32F4xx_HAL_Driver/Src/stm32f4xx_hal_cortex.o
 .debug_frame   0x0000000000000ee4      0x14c ./Drivers/STM32F4xx_HAL_Driver/Src/stm32f4xx_hal_gpio.o
 .debug_frame   0x0000000000001030      0x1f4 ./Drivers/STM32F4xx_HAL_Driver/Src/stm32f4xx_hal_rcc.o
 .debug_frame   0x0000000000001224     0x11c4 ./Drivers/STM32F4xx_HAL_Driver/Src/stm32f4xx_hal_tim.o
 .debug_frame   0x00000000000023e8      0x638 ./Drivers/STM32F4xx_HAL_Driver/Src/stm32f4xx_hal_tim_ex.o
 .debug_frame   0x0000000000002a20       0x20 C:/ST/STM32CubeIDE_1.13.1/STM32CubeIDE/plugins/com.st.stm32cube.ide.mcu.externaltools.gnu-tools-for-stm32.11.3.rel1.win32_1.1.1.202309131626/tools/bin/../lib/gcc/arm-none-eabi/11.3.1/../../../../arm-none-eabi/lib/thumb/v7e-m+fp/hard\libc_nano.a(libc_a-memset.o)
 .debug_frame   0x0000000000002a40       0x2c C:/ST/STM32CubeIDE_1.13.1/STM32CubeIDE/plugins/com.st.stm32cube.ide.mcu.externaltools.gnu-tools-for-stm32.11.3.rel1.win32_1.1.1.202309131626/tools/bin/../lib/gcc/arm-none-eabi/11.3.1/../../../../arm-none-eabi/lib/thumb/v7e-m+fp/hard\libc_nano.a(libc_a-init.o)
 .debug_frame   0x0000000000002a6c       0x38 C:/ST/STM32CubeIDE_1.13.1/STM32CubeIDE/plugins/com.st.stm32cube.ide.mcu.externaltools.gnu-tools-for-stm32.11.3.rel1.win32_1.1.1.202309131626/tools/bin/../lib/gcc/arm-none-eabi/11.3.1/../../../../arm-none-eabi/lib/thumb/v7e-m+fp/hard\libm.a(libm_a-s_cos.o)
 .debug_frame   0x0000000000002aa4       0x38 C:/ST/STM32CubeIDE_1.13.1/STM32CubeIDE/plugins/com.st.stm32cube.ide.mcu.externaltools.gnu-tools-for-stm32.11.3.rel1.win32_1.1.1.202309131626/tools/bin/../lib/gcc/arm-none-eabi/11.3.1/../../../../arm-none-eabi/lib/thumb/v7e-m+fp/hard\libm.a(libm_a-s_sin.o)
 .debug_frame   0x0000000000002adc       0x3c C:/ST/STM32CubeIDE_1.13.1/STM32CubeIDE/plugins/com.st.stm32cube.ide.mcu.externaltools.gnu-tools-for-stm32.11.3.rel1.win32_1.1.1.202309131626/tools/bin/../lib/gcc/arm-none-eabi/11.3.1/../../../../arm-none-eabi/lib/thumb/v7e-m+fp/hard\libm.a(libm_a-k_cos.o)
 .debug_frame   0x0000000000002b18       0x5c C:/ST/STM32CubeIDE_1.13.1/STM32CubeIDE/plugins/com.st.stm32cube.ide.mcu.externaltools.gnu-tools-for-stm32.11.3.rel1.win32_1.1.1.202309131626/tools/bin/../lib/gcc/arm-none-eabi/11.3.1/../../../../arm-none-eabi/lib/thumb/v7e-m+fp/hard\libm.a(libm_a-k_sin.o)
 .debug_frame   0x0000000000002b74       0x50 C:/ST/STM32CubeIDE_1.13.1/STM32CubeIDE/plugins/com.st.stm32cube.ide.mcu.externaltools.gnu-tools-for-stm32.11.3.rel1.win32_1.1.1.202309131626/tools/bin/../lib/gcc/arm-none-eabi/11.3.1/../../../../arm-none-eabi/lib/thumb/v7e-m+fp/hard\libm.a(libm_a-e_rem_pio2.o)
 .debug_frame   0x0000000000002bc4       0x20 C:/ST/STM32CubeIDE_1.13.1/STM32CubeIDE/plugins/com.st.stm32cube.ide.mcu.externaltools.gnu-tools-for-stm32.11.3.rel1.win32_1.1.1.202309131626/tools/bin/../lib/gcc/arm-none-eabi/11.3.1/../../../../arm-none-eabi/lib/thumb/v7e-m+fp/hard\libm.a(libm_a-s_fabs.o)
 .debug_frame   0x0000000000002be4       0x2c C:/ST/STM32CubeIDE_1.13.1/STM32CubeIDE/plugins/com.st.stm32cube.ide.mcu.externaltools.gnu-tools-for-stm32.11.3.rel1.win32_1.1.1.202309131626/tools/bin/../lib/gcc/arm-none-eabi/11.3.1/../../../../arm-none-eabi/lib/thumb/v7e-m+fp/hard\libm.a(libm_a-s_scalbn.o)
 .debug_frame   0x0000000000002c10       0x54 C:/ST/STM32CubeIDE_1.13.1/STM32CubeIDE/plugins/com.st.stm32cube.ide.mcu.externaltools.gnu-tools-for-stm32.11.3.rel1.win32_1.1.1.202309131626/tools/bin/../lib/gcc/arm-none-eabi/11.3.1/../../../../arm-none-eabi/lib/thumb/v7e-m+fp/hard\libm.a(libm_a-k_rem_pio2.o)
 .debug_frame   0x0000000000002c64       0x30 C:/ST/STM32CubeIDE_1.13.1/STM32CubeIDE/plugins/com.st.stm32cube.ide.mcu.externaltools.gnu-tools-for-stm32.11.3.rel1.win32_1.1.1.202309131626/tools/bin/../lib/gcc/arm-none-eabi/11.3.1/../../../../arm-none-eabi/lib/thumb/v7e-m+fp/hard\libm.a(libm_a-s_floor.o)
 .debug_frame   0x0000000000002c94       0xac C:/ST/STM32CubeIDE_1.13.1/STM32CubeIDE/plugins/com.st.stm32cube.ide.mcu.externaltools.gnu-tools-for-stm32.11.3.rel1.win32_1.1.1.202309131626/tools/bin/../lib/gcc/arm-none-eabi/11.3.1/thumb/v7e-m+fp/hard\libgcc.a(_arm_addsubdf3.o)
 .debug_frame   0x0000000000002d40       0x50 C:/ST/STM32CubeIDE_1.13.1/STM32CubeIDE/plugins/com.st.stm32cube.ide.mcu.externaltools.gnu-tools-for-stm32.11.3.rel1.win32_1.1.1.202309131626/tools/bin/../lib/gcc/arm-none-eabi/11.3.1/thumb/v7e-m+fp/hard\libgcc.a(_arm_muldivdf3.o)
 .debug_frame   0x0000000000002d90       0xc4 C:/ST/STM32CubeIDE_1.13.1/STM32CubeIDE/plugins/com.st.stm32cube.ide.mcu.externaltools.gnu-tools-for-stm32.11.3.rel1.win32_1.1.1.202309131626/tools/bin/../lib/gcc/arm-none-eabi/11.3.1/thumb/v7e-m+fp/hard\libgcc.a(_arm_cmpdf2.o)
 .debug_frame   0x0000000000002e54       0x24 C:/ST/STM32CubeIDE_1.13.1/STM32CubeIDE/plugins/com.st.stm32cube.ide.mcu.externaltools.gnu-tools-for-stm32.11.3.rel1.win32_1.1.1.202309131626/tools/bin/../lib/gcc/arm-none-eabi/11.3.1/thumb/v7e-m+fp/hard\libgcc.a(_arm_fixdfsi.o)
 .debug_frame   0x0000000000002e78       0x2c C:/ST/STM32CubeIDE_1.13.1/STM32CubeIDE/plugins/com.st.stm32cube.ide.mcu.externaltools.gnu-tools-for-stm32.11.3.rel1.win32_1.1.1.202309131626/tools/bin/../lib/gcc/arm-none-eabi/11.3.1/thumb/v7e-m+fp/hard\libgcc.a(_aeabi_uldivmod.o)
 .debug_frame   0x0000000000002ea4       0x34 C:/ST/STM32CubeIDE_1.13.1/STM32CubeIDE/plugins/com.st.stm32cube.ide.mcu.externaltools.gnu-tools-for-stm32.11.3.rel1.win32_1.1.1.202309131626/tools/bin/../lib/gcc/arm-none-eabi/11.3.1/thumb/v7e-m+fp/hard\libgcc.a(_udivmoddi4.o)

.debug_line_str
                0x0000000000000000       0x6b
 .debug_line_str
                0x0000000000000000       0x6b ./Core/Startup/startup_stm32f407vgtx.o
                                         0x83 (size before relaxing)
